main.c:106:6:HAL_GPIO_EXTI_Callback	16	static
main.c:116:5:debouncer	24	static
main.c:145:6:HAL_TIM_IC_CaptureCallback	16	static
main.c:184:6:HAL_TIM_PeriodElapsedCallback	16	static
main.c:213:5:main	40	static
main.c:470:6:SystemClock_Config	88	static
main.c:514:13:MX_ADC1_Init	24	static
main.c:564:13:MX_I2C1_Init	8	static
main.c:598:13:MX_SPI1_Init	8	static
main.c:636:13:MX_TIM1_Init	32	static
main.c:682:13:MX_TIM2_Init	48	static
main.c:740:13:MX_TIM3_Init	48	static
main.c:798:13:MX_TIM4_Init	32	static
main.c:846:13:MX_GPIO_Init	56	static
main.c:969:6:Error_Handler	4	static,ignoring_inline_asm
