main.c:107:6:HAL_GPIO_EXTI_Callback	16	static
main.c:117:5:debouncer	24	static
main.c:146:6:HAL_TIM_IC_CaptureCallback	16	static
main.c:182:6:HAL_TIM_PeriodElapsedCallback	16	static
main.c:211:5:main	32	static
main.c:493:6:SystemClock_Config	88	static
main.c:537:13:MX_ADC1_Init	24	static
main.c:587:13:MX_I2C1_Init	8	static
main.c:621:13:MX_SPI1_Init	8	static
main.c:659:13:MX_TIM2_Init	48	static
main.c:717:13:MX_TIM3_Init	48	static
main.c:775:13:MX_TIM4_Init	32	static
main.c:823:13:MX_GPIO_Init	56	static
main.c:962:6:Error_Handler	4	static,ignoring_inline_asm
