Archive member included to satisfy reference by file (symbol)

c:/st/stm32cubeide_1.7.0/stm32cubeide/plugins/com.st.stm32cube.ide.mcu.externaltools.gnu-tools-for-stm32.9-2020-q2-update.win32_2.0.0.202105311346/tools/bin/../lib/gcc/arm-none-eabi/9.3.1/../../../../arm-none-eabi/lib/thumb/v7e-m+fp/hard\libc_nano.a(lib_a-errno.o)
                              ./Core/Src/syscalls.o (__errno)
c:/st/stm32cubeide_1.7.0/stm32cubeide/plugins/com.st.stm32cube.ide.mcu.externaltools.gnu-tools-for-stm32.9-2020-q2-update.win32_2.0.0.202105311346/tools/bin/../lib/gcc/arm-none-eabi/9.3.1/../../../../arm-none-eabi/lib/thumb/v7e-m+fp/hard\libc_nano.a(lib_a-exit.o)
                              c:/st/stm32cubeide_1.7.0/stm32cubeide/plugins/com.st.stm32cube.ide.mcu.externaltools.gnu-tools-for-stm32.9-2020-q2-update.win32_2.0.0.202105311346/tools/bin/../lib/gcc/arm-none-eabi/9.3.1/../../../../arm-none-eabi/lib/thumb/v7e-m+fp/hard/crt0.o (exit)
c:/st/stm32cubeide_1.7.0/stm32cubeide/plugins/com.st.stm32cube.ide.mcu.externaltools.gnu-tools-for-stm32.9-2020-q2-update.win32_2.0.0.202105311346/tools/bin/../lib/gcc/arm-none-eabi/9.3.1/../../../../arm-none-eabi/lib/thumb/v7e-m+fp/hard\libc_nano.a(lib_a-impure.o)
                              c:/st/stm32cubeide_1.7.0/stm32cubeide/plugins/com.st.stm32cube.ide.mcu.externaltools.gnu-tools-for-stm32.9-2020-q2-update.win32_2.0.0.202105311346/tools/bin/../lib/gcc/arm-none-eabi/9.3.1/../../../../arm-none-eabi/lib/thumb/v7e-m+fp/hard\libc_nano.a(lib_a-exit.o) (_global_impure_ptr)
c:/st/stm32cubeide_1.7.0/stm32cubeide/plugins/com.st.stm32cube.ide.mcu.externaltools.gnu-tools-for-stm32.9-2020-q2-update.win32_2.0.0.202105311346/tools/bin/../lib/gcc/arm-none-eabi/9.3.1/../../../../arm-none-eabi/lib/thumb/v7e-m+fp/hard\libc_nano.a(lib_a-init.o)
                              c:/st/stm32cubeide_1.7.0/stm32cubeide/plugins/com.st.stm32cube.ide.mcu.externaltools.gnu-tools-for-stm32.9-2020-q2-update.win32_2.0.0.202105311346/tools/bin/../lib/gcc/arm-none-eabi/9.3.1/../../../../arm-none-eabi/lib/thumb/v7e-m+fp/hard/crt0.o (__libc_init_array)
c:/st/stm32cubeide_1.7.0/stm32cubeide/plugins/com.st.stm32cube.ide.mcu.externaltools.gnu-tools-for-stm32.9-2020-q2-update.win32_2.0.0.202105311346/tools/bin/../lib/gcc/arm-none-eabi/9.3.1/../../../../arm-none-eabi/lib/thumb/v7e-m+fp/hard\libc_nano.a(lib_a-itoa.o)
                              ./Core/Src/main.o (itoa)
c:/st/stm32cubeide_1.7.0/stm32cubeide/plugins/com.st.stm32cube.ide.mcu.externaltools.gnu-tools-for-stm32.9-2020-q2-update.win32_2.0.0.202105311346/tools/bin/../lib/gcc/arm-none-eabi/9.3.1/../../../../arm-none-eabi/lib/thumb/v7e-m+fp/hard\libc_nano.a(lib_a-malloc.o)
                              ./Middlewares/ST/STM32_USB_Host_Library/Class/CDC/Src/usbh_cdc.o (malloc)
c:/st/stm32cubeide_1.7.0/stm32cubeide/plugins/com.st.stm32cube.ide.mcu.externaltools.gnu-tools-for-stm32.9-2020-q2-update.win32_2.0.0.202105311346/tools/bin/../lib/gcc/arm-none-eabi/9.3.1/../../../../arm-none-eabi/lib/thumb/v7e-m+fp/hard\libc_nano.a(lib_a-memcpy-stub.o)
                              ./Core/Src/Ultrasound.o (memcpy)
c:/st/stm32cubeide_1.7.0/stm32cubeide/plugins/com.st.stm32cube.ide.mcu.externaltools.gnu-tools-for-stm32.9-2020-q2-update.win32_2.0.0.202105311346/tools/bin/../lib/gcc/arm-none-eabi/9.3.1/../../../../arm-none-eabi/lib/thumb/v7e-m+fp/hard\libc_nano.a(lib_a-memset.o)
                              c:/st/stm32cubeide_1.7.0/stm32cubeide/plugins/com.st.stm32cube.ide.mcu.externaltools.gnu-tools-for-stm32.9-2020-q2-update.win32_2.0.0.202105311346/tools/bin/../lib/gcc/arm-none-eabi/9.3.1/../../../../arm-none-eabi/lib/thumb/v7e-m+fp/hard/crt0.o (memset)
c:/st/stm32cubeide_1.7.0/stm32cubeide/plugins/com.st.stm32cube.ide.mcu.externaltools.gnu-tools-for-stm32.9-2020-q2-update.win32_2.0.0.202105311346/tools/bin/../lib/gcc/arm-none-eabi/9.3.1/../../../../arm-none-eabi/lib/thumb/v7e-m+fp/hard\libc_nano.a(lib_a-nano-freer.o)
                              c:/st/stm32cubeide_1.7.0/stm32cubeide/plugins/com.st.stm32cube.ide.mcu.externaltools.gnu-tools-for-stm32.9-2020-q2-update.win32_2.0.0.202105311346/tools/bin/../lib/gcc/arm-none-eabi/9.3.1/../../../../arm-none-eabi/lib/thumb/v7e-m+fp/hard\libc_nano.a(lib_a-malloc.o) (_free_r)
c:/st/stm32cubeide_1.7.0/stm32cubeide/plugins/com.st.stm32cube.ide.mcu.externaltools.gnu-tools-for-stm32.9-2020-q2-update.win32_2.0.0.202105311346/tools/bin/../lib/gcc/arm-none-eabi/9.3.1/../../../../arm-none-eabi/lib/thumb/v7e-m+fp/hard\libc_nano.a(lib_a-nano-mallocr.o)
                              c:/st/stm32cubeide_1.7.0/stm32cubeide/plugins/com.st.stm32cube.ide.mcu.externaltools.gnu-tools-for-stm32.9-2020-q2-update.win32_2.0.0.202105311346/tools/bin/../lib/gcc/arm-none-eabi/9.3.1/../../../../arm-none-eabi/lib/thumb/v7e-m+fp/hard\libc_nano.a(lib_a-malloc.o) (_malloc_r)
[...]
Memory Configuration

Name             Origin             Length             Attributes
CCMRAM           0x0000000010000000 0x0000000000010000 xrw
RAM              0x0000000020000000 0x0000000000020000 xrw
FLASH            0x0000000008000000 0x0000000000100000 xr
*default*        0x0000000000000000 0xffffffffffffffff

Linker script and memory map

LOAD c:/st/stm32cubeide_1.7.0/stm32cubeide/plugins/com.st.stm32cube.ide.mcu.externaltools.gnu-tools-for-stm32.9-2020-q2-update.win32_2.0.0.202105311346/tools/bin/../lib/gcc/arm-none-eabi/9.3.1/thumb/v7e-m+fp/hard/crti.o
LOAD c:/st/stm32cubeide_1.7.0/stm32cubeide/plugins/com.st.stm32cube.ide.mcu.externaltools.gnu-tools-for-stm32.9-2020-q2-update.win32_2.0.0.202105311346/tools/bin/../lib/gcc/arm-none-eabi/9.3.1/thumb/v7e-m+fp/hard/crtbegin.o
LOAD c:/st/stm32cubeide_1.7.0/stm32cubeide/plugins/com.st.stm32cube.ide.mcu.externaltools.gnu-tools-for-stm32.9-2020-q2-update.win32_2.0.0.202105311346/tools/bin/../lib/gcc/arm-none-eabi/9.3.1/../../../../arm-none-eabi/lib/thumb/v7e-m+fp/hard/crt0.o
LOAD ./Core/Src/T_Sensor.o
LOAD ./Core/Src/Ultrasound.o
LOAD ./Core/Src/i2c-lcd.o
LOAD ./Core/Src/main.o
LOAD ./Core/Src/stm32f4xx_hal_msp.o
LOAD ./Core/Src/stm32f4xx_it.o
LOAD ./Core/Src/syscalls.o
LOAD ./Core/Src/sysmem.o
LOAD ./Core/Src/system_stm32f4xx.o
LOAD ./Core/Startup/startup_stm32f407vgtx.o
LOAD ./Drivers/STM32F4xx_HAL_Driver/Src/stm32f4xx_hal.o
LOAD ./Drivers/STM32F4xx_HAL_Driver/Src/stm32f4xx_hal_adc.o
LOAD ./Drivers/STM32F4xx_HAL_Driver/Src/stm32f4xx_hal_adc_ex.o
LOAD ./Drivers/STM32F4xx_HAL_Driver/Src/stm32f4xx_hal_cortex.o
LOAD ./Drivers/STM32F4xx_HAL_Driver/Src/stm32f4xx_hal_dma.o
LOAD ./Drivers/STM32F4xx_HAL_Driver/Src/stm32f4xx_hal_dma_ex.o
LOAD ./Drivers/STM32F4xx_HAL_Driver/Src/stm32f4xx_hal_exti.o
LOAD ./Drivers/STM32F4xx_HAL_Driver/Src/stm32f4xx_hal_flash.o
LOAD ./Drivers/STM32F4xx_HAL_Driver/Src/stm32f4xx_hal_flash_ex.o
LOAD ./Drivers/STM32F4xx_HAL_Driver/Src/stm32f4xx_hal_flash_ramfunc.o
LOAD ./Drivers/STM32F4xx_HAL_Driver/Src/stm32f4xx_hal_gpio.o
LOAD ./Drivers/STM32F4xx_HAL_Driver/Src/stm32f4xx_hal_hcd.o
LOAD ./Drivers/STM32F4xx_HAL_Driver/Src/stm32f4xx_hal_i2c.o
LOAD ./Drivers/STM32F4xx_HAL_Driver/Src/stm32f4xx_hal_i2c_ex.o
LOAD ./Drivers/STM32F4xx_HAL_Driver/Src/stm32f4xx_hal_pwr.o
LOAD ./Drivers/STM32F4xx_HAL_Driver/Src/stm32f4xx_hal_pwr_ex.o
LOAD ./Drivers/STM32F4xx_HAL_Driver/Src/stm32f4xx_hal_rcc.o
LOAD ./Drivers/STM32F4xx_HAL_Driver/Src/stm32f4xx_hal_rcc_ex.o
LOAD ./Drivers/STM32F4xx_HAL_Driver/Src/stm32f4xx_hal_spi.o
LOAD ./Drivers/STM32F4xx_HAL_Driver/Src/stm32f4xx_hal_tim.o
LOAD ./Drivers/STM32F4xx_HAL_Driver/Src/stm32f4xx_hal_tim_ex.o
LOAD ./Drivers/STM32F4xx_HAL_Driver/Src/stm32f4xx_ll_adc.o
LOAD ./Drivers/STM32F4xx_HAL_Driver/Src/stm32f4xx_ll_usb.o
LOAD ./Middlewares/ST/STM32_USB_Host_Library/Class/CDC/Src/usbh_cdc.o
LOAD ./Middlewares/ST/STM32_USB_Host_Library/Core/Src/usbh_core.o
LOAD ./Middlewares/ST/STM32_USB_Host_Library/Core/Src/usbh_ctlreq.o
LOAD ./Middlewares/ST/STM32_USB_Host_Library/Core/Src/usbh_ioreq.o
LOAD ./Middlewares/ST/STM32_USB_Host_Library/Core/Src/usbh_pipes.o
LOAD ./USB_HOST/App/usb_host.o
LOAD ./USB_HOST/Target/usbh_conf.o
LOAD ./USB_HOST/Target/usbh_platform.o
START GROUP
LOAD c:/st/stm32cubeide_1.7.0/stm32cubeide/plugins/com.st.stm32cube.ide.mcu.externaltools.gnu-tools-for-stm32.9-2020-q2-update.win32_2.0.0.202105311346/tools/bin/../lib/gcc/arm-none-eabi/9.3.1/../../../../arm-none-eabi/lib/thumb/v7e-m+fp/hard\libc_nano.a
LOAD c:/st/stm32cubeide_1.7.0/stm32cubeide/plugins/com.st.stm32cube.ide.mcu.externaltools.gnu-tools-for-stm32.9-2020-q2-update.win32_2.0.0.202105311346/tools/bin/../lib/gcc/arm-none-eabi/9.3.1/../../../../arm-none-eabi/lib/thumb/v7e-m+fp/hard\libm.a
END GROUP
START GROUP
LOAD c:/st/stm32cubeide_1.7.0/stm32cubeide/plugins/com.st.stm32cube.ide.mcu.externaltools.gnu-tools-for-stm32.9-2020-q2-update.win32_2.0.0.202105311346/tools/bin/../lib/gcc/arm-none-eabi/9.3.1/thumb/v7e-m+fp/hard\libgcc.a
LOAD c:/st/stm32cubeide_1.7.0/stm32cubeide/plugins/com.st.stm32cube.ide.mcu.externaltools.gnu-tools-for-stm32.9-2020-q2-update.win32_2.0.0.202105311346/tools/bin/../lib/gcc/arm-none-eabi/9.3.1/../../../../arm-none-eabi/lib/thumb/v7e-m+fp/hard\libc_nano.a
END GROUP
START GROUP
LOAD c:/st/stm32cubeide_1.7.0/stm32cubeide/plugins/com.st.stm32cube.ide.mcu.externaltools.gnu-tools-for-stm32.9-2020-q2-update.win32_2.0.0.202105311346/tools/bin/../lib/gcc/arm-none-eabi/9.3.1/thumb/v7e-m+fp/hard\libgcc.a
LOAD c:/st/stm32cubeide_1.7.0/stm32cubeide/plugins/com.st.stm32cube.ide.mcu.externaltools.gnu-tools-for-stm32.9-2020-q2-update.win32_2.0.0.202105311346/tools/bin/../lib/gcc/arm-none-eabi/9.3.1/../../../../arm-none-eabi/lib/thumb/v7e-m+fp/hard\libc_nano.a
LOAD c:/st/stm32cubeide_1.7.0/stm32cubeide/plugins/com.st.stm32cube.ide.mcu.externaltools.gnu-tools-for-stm32.9-2020-q2-update.win32_2.0.0.202105311346/tools/bin/../lib/gcc/arm-none-eabi/9.3.1/../../../../arm-none-eabi/lib/thumb/v7e-m+fp/hard\libnosys.a
END GROUP
START GROUP
LOAD c:/st/stm32cubeide_1.7.0/stm32cubeide/plugins/com.st.stm32cube.ide.mcu.externaltools.gnu-tools-for-stm32.9-2020-q2-update.win32_2.0.0.202105311346/tools/bin/../lib/gcc/arm-none-eabi/9.3.1/thumb/v7e-m+fp/hard\libgcc.a
LOAD c:/st/stm32cubeide_1.7.0/stm32cubeide/plugins/com.st.stm32cube.ide.mcu.externaltools.gnu-tools-for-stm32.9-2020-q2-update.win32_2.0.0.202105311346/tools/bin/../lib/gcc/arm-none-eabi/9.3.1/../../../../arm-none-eabi/lib/thumb/v7e-m+fp/hard\libc_nano.a
LOAD c:/st/stm32cubeide_1.7.0/stm32cubeide/plugins/com.st.stm32cube.ide.mcu.externaltools.gnu-tools-for-stm32.9-2020-q2-update.win32_2.0.0.202105311346/tools/bin/../lib/gcc/arm-none-eabi/9.3.1/../../../../arm-none-eabi/lib/thumb/v7e-m+fp/hard\libnosys.a
END GROUP
LOAD c:/st/stm32cubeide_1.7.0/stm32cubeide/plugins/com.st.stm32cube.ide.mcu.externaltools.gnu-tools-for-stm32.9-2020-q2-update.win32_2.0.0.202105311346/tools/bin/../lib/gcc/arm-none-eabi/9.3.1/thumb/v7e-m+fp/hard/crtend.o
LOAD c:/st/stm32cubeide_1.7.0/stm32cubeide/plugins/com.st.stm32cube.ide.mcu.externaltools.gnu-tools-for-stm32.9-2020-q2-update.win32_2.0.0.202105311346/tools/bin/../lib/gcc/arm-none-eabi/9.3.1/thumb/v7e-m+fp/hard/crtn.o
                0x0000000020020000                _estack = (ORIGIN (RAM) + LENGTH (RAM))
                0x0000000000000200                _Min_Heap_Size = 0x200
                0x0000000000000400                _Min_Stack_Size = 0x400

.isr_vector     0x0000000008000000      0x188
                0x0000000008000000                . = ALIGN (0x4)
 *(.isr_vector)
 .isr_vector    0x0000000008000000      0x188 ./Core/Startup/startup_stm32f407vgtx.o
                0x0000000008000000                g_pfnVectors
                0x0000000008000188                . = ALIGN (0x4)

.text           0x0000000008000188     0x9c98
                0x0000000008000188                . = ALIGN (0x4)
 *(.text)
 .text          0x0000000008000188       0x40 c:/st/stm32cubeide_1.7.0/stm32cubeide/plugins/com.st.stm32cube.ide.mcu.externaltools.gnu-tools-for-stm32.9-2020-q2-update.win32_2.0.0.202105311346/tools/bin/../lib/gcc/arm-none-eabi/9.3.1/thumb/v7e-m+fp/hard/crtbegin.o
 .text          0x00000000080001c8      0x378 c:/st/stm32cubeide_1.7.0/stm32cubeide/plugins/com.st.stm32cube.ide.mcu.externaltools.gnu-tools-for-stm32.9-2020-q2-update.win32_2.0.0.202105311346/tools/bin/../lib/gcc/arm-none-eabi/9.3.1/thumb/v7e-m+fp/hard\libgcc.a(_arm_addsubdf3.o)
                0x00000000080001c8                __aeabi_drsub
                0x00000000080001d0                __aeabi_dsub
                0x00000000080001d0                __subdf3
                0x00000000080001d4                __aeabi_dadd
                0x00000000080001d4                __adddf3
                0x000000000800044c                __floatunsidf
                0x000000000800044c                __aeabi_ui2d
                0x000000000800046c                __floatsidf
                0x000000000800046c                __aeabi_i2d
                0x0000000008000490                __aeabi_f2d
                0x0000000008000490                __extendsfdf2
                0x00000000080004d4                __floatundidf
                0x00000000080004d4                __aeabi_ul2d
                0x00000000080004e4                __floatdidf
                0x00000000080004e4                __aeabi_l2d
 .text          0x0000000008000540      0x424 c:/st/stm32cubeide_1.7.0/stm32cubeide/plugins/com.st.stm32cube.ide.mcu.externaltools.gnu-tools-for-stm32.9-2020-q2-update.win32_2.0.0.202105311346/tools/bin/../lib/gcc/arm-none-eabi/9.3.1/thumb/v7e-m+fp/hard\libgcc.a(_arm_muldivdf3.o)
                0x0000000008000540                __aeabi_dmul
                0x0000000008000540                __muldf3
                0x0000000008000794                __divdf3
                0x0000000008000794                __aeabi_ddiv
 .text          0x0000000008000964       0x40 c:/st/stm32cubeide_1.7.0/stm32cubeide/plugins/com.st.stm32cube.ide.mcu.externaltools.gnu-tools-for-stm32.9-2020-q2-update.win32_2.0.0.202105311346/tools/bin/../lib/gcc/arm-none-eabi/9.3.1/thumb/v7e-m+fp/hard\libgcc.a(_arm_fixunsdfsi.o)
                0x0000000008000964                __aeabi_d2uiz
                0x0000000008000964                __fixunsdfsi
 .text          0x00000000080009a4       0xa0 c:/st/stm32cubeide_1.7.0/stm32cubeide/plugins/com.st.stm32cube.ide.mcu.externaltools.gnu-tools-for-stm32.9-2020-q2-update.win32_2.0.0.202105311346/tools/bin/../lib/gcc/arm-none-eabi/9.3.1/thumb/v7e-m+fp/hard\libgcc.a(_arm_truncdfsf2.o)
                0x00000000080009a4                __truncdfsf2
                0x00000000080009a4                __aeabi_d2f
 .text          0x0000000008000a44       0x30 c:/st/stm32cubeide_1.7.0/stm32cubeide/plugins/com.st.stm32cube.ide.mcu.externaltools.gnu-tools-for-stm32.9-2020-q2-update.win32_2.0.0.202105311346/tools/bin/../lib/gcc/arm-none-eabi/9.3.1/thumb/v7e-m+fp/hard\libgcc.a(_aeabi_uldivmod.o)
                0x0000000008000a44                __aeabi_uldivmod
 .text          0x0000000008000a74      0x2c4 c:/st/stm32cubeide_1.7.0/stm32cubeide/plugins/com.st.stm32cube.ide.mcu.externaltools.gnu-tools-for-stm32.9-2020-q2-update.win32_2.0.0.202105311346/tools/bin/../lib/gcc/arm-none-eabi/9.3.1/thumb/v7e-m+fp/hard\libgcc.a(_udivmoddi4.o)
                0x0000000008000a74                __udivmoddi4
 .text          0x0000000008000d38        0x4 c:/st/stm32cubeide_1.7.0/stm32cubeide/plugins/com.st.stm32cube.ide.mcu.externaltools.gnu-tools-for-stm32.9-2020-q2-update.win32_2.0.0.202105311346/tools/bin/../lib/gcc/arm-none-eabi/9.3.1/thumb/v7e-m+fp/hard\libgcc.a(_dvmd_tls.o)
                0x0000000008000d38                __aeabi_idiv0
                0x0000000008000d38                __aeabi_ldiv0
 *(.text*)
 .text.delayT1  0x0000000008000d3c       0x34 ./Core/Src/T_Sensor.o
                0x0000000008000d3c                delayT1
 .text.DHT11_Start
                0x0000000008000d70       0xf0 ./Core/Src/T_Sensor.o
                0x0000000008000d70                DHT11_Start
 .text.DHT11_Read
                0x0000000008000e60       0xf8 ./Core/Src/T_Sensor.o
                0x0000000008000e60                DHT11_Read
 .text.delayT2  0x0000000008000f58       0x34 ./Core/Src/Ultrasound.o
                0x0000000008000f58                delayT2
 .text.HCSR04_Read
                0x0000000008000f8c       0x40 ./Core/Src/Ultrasound.o
                0x0000000008000f8c                HCSR04_Read
 .text.lcd_send_cmd
                0x0000000008000fcc       0x60 ./Core/Src/i2c-lcd.o
                0x0000000008000fcc                lcd_send_cmd
 .text.lcd_send_data
                0x000000000800102c       0x60 ./Core/Src/i2c-lcd.o
                0x000000000800102c                lcd_send_data
 .text.lcd_clear
                0x000000000800108c       0x2e ./Core/Src/i2c-lcd.o
                0x000000000800108c                lcd_clear
 .text.lcd_put_cur
                0x00000000080010ba       0x3e ./Core/Src/i2c-lcd.o
                0x00000000080010ba                lcd_put_cur
 .text.lcd_init
                0x00000000080010f8       0x7a ./Core/Src/i2c-lcd.o
                0x00000000080010f8                lcd_init
 .text.lcd_send_string
                0x0000000008001172       0x2a ./Core/Src/i2c-lcd.o
                0x0000000008001172                lcd_send_string
 .text.HAL_GPIO_EXTI_Callback
                0x000000000800119c       0x4c ./Core/Src/main.o
                0x000000000800119c                HAL_GPIO_EXTI_Callback
 .text.debouncer
                0x00000000080011e8       0x9c ./Core/Src/main.o
                0x00000000080011e8                debouncer
 *fill*         0x0000000008001284        0x4 
 .text.HAL_TIM_IC_CaptureCallback
                0x0000000008001288      0x140 ./Core/Src/main.o
                0x0000000008001288                HAL_TIM_IC_CaptureCallback
 .text.HAL_TIM_PeriodElapsedCallback
                0x00000000080013c8       0x68 ./Core/Src/main.o
                0x00000000080013c8                HAL_TIM_PeriodElapsedCallback
 .text.main     0x0000000008001430      0x6ac ./Core/Src/main.o
                0x0000000008001430                main
 .text.SystemClock_Config
                0x0000000008001adc       0xd0 ./Core/Src/main.o
                0x0000000008001adc                SystemClock_Config
 .text.MX_ADC1_Init
                0x0000000008001bac       0xa4 ./Core/Src/main.o
 .text.MX_I2C1_Init
                0x0000000008001c50       0x5c ./Core/Src/main.o
 .text.MX_SPI1_Init
                0x0000000008001cac       0x6c ./Core/Src/main.o
 .text.MX_TIM1_Init
                0x0000000008001d18       0xa0 ./Core/Src/main.o
 .text.MX_TIM2_Init
                0x0000000008001db8       0xe0 ./Core/Src/main.o
 .text.MX_TIM3_Init
                0x0000000008001e98       0xe4 ./Core/Src/main.o
 .text.MX_TIM4_Init
                0x0000000008001f7c       0xa8 ./Core/Src/main.o
 .text.MX_GPIO_Init
                0x0000000008002024      0x278 ./Core/Src/main.o
 .text.Error_Handler
                0x000000000800229c        0xa ./Core/Src/main.o
                0x000000000800229c                Error_Handler
 *fill*         0x00000000080022a6        0x2 
 .text.HAL_MspInit
                0x00000000080022a8       0x50 ./Core/Src/stm32f4xx_hal_msp.o
                0x00000000080022a8                HAL_MspInit
 .text.HAL_ADC_MspInit
                0x00000000080022f8       0x88 ./Core/Src/stm32f4xx_hal_msp.o
                0x00000000080022f8                HAL_ADC_MspInit
 .text.HAL_I2C_MspInit
                0x0000000008002380       0x90 ./Core/Src/stm32f4xx_hal_msp.o
                0x0000000008002380                HAL_I2C_MspInit
 .text.HAL_SPI_MspInit
                0x0000000008002410       0x90 ./Core/Src/stm32f4xx_hal_msp.o
                0x0000000008002410                HAL_SPI_MspInit
 .text.HAL_TIM_Base_MspInit
                0x00000000080024a0      0x198 ./Core/Src/stm32f4xx_hal_msp.o
                0x00000000080024a0                HAL_TIM_Base_MspInit
 .text.HAL_TIM_IC_MspInit
                0x0000000008002638       0xa0 ./Core/Src/stm32f4xx_hal_msp.o
                0x0000000008002638                HAL_TIM_IC_MspInit
 .text.NMI_Handler
                0x00000000080026d8        0x6 ./Core/Src/stm32f4xx_it.o
                0x00000000080026d8                NMI_Handler
 .text.HardFault_Handler
                0x00000000080026de        0x6 ./Core/Src/stm32f4xx_it.o
                0x00000000080026de                HardFault_Handler
 .text.MemManage_Handler
                0x00000000080026e4        0x6 ./Core/Src/stm32f4xx_it.o
                0x00000000080026e4                MemManage_Handler
 .text.BusFault_Handler
                0x00000000080026ea        0x6 ./Core/Src/stm32f4xx_it.o
                0x00000000080026ea                BusFault_Handler
 .text.UsageFault_Handler
                0x00000000080026f0        0x6 ./Core/Src/stm32f4xx_it.o
                0x00000000080026f0                UsageFault_Handler
 .text.SVC_Handler
                0x00000000080026f6        0xe ./Core/Src/stm32f4xx_it.o
                0x00000000080026f6                SVC_Handler
 .text.DebugMon_Handler
                0x0000000008002704        0xe ./Core/Src/stm32f4xx_it.o
                0x0000000008002704                DebugMon_Handler
 .text.PendSV_Handler
                0x0000000008002712        0xe ./Core/Src/stm32f4xx_it.o
                0x0000000008002712                PendSV_Handler
 .text.SysTick_Handler
                0x0000000008002720        0xc ./Core/Src/stm32f4xx_it.o
                0x0000000008002720                SysTick_Handler
 .text.EXTI0_IRQHandler
                0x000000000800272c        0xe ./Core/Src/stm32f4xx_it.o
                0x000000000800272c                EXTI0_IRQHandler
 .text.EXTI3_IRQHandler
                0x000000000800273a        0xe ./Core/Src/stm32f4xx_it.o
                0x000000000800273a                EXTI3_IRQHandler
 .text.EXTI4_IRQHandler
                0x0000000008002748        0xe ./Core/Src/stm32f4xx_it.o
                0x0000000008002748                EXTI4_IRQHandler
 *fill*         0x0000000008002756        0x2 
 .text.TIM1_CC_IRQHandler
                0x0000000008002758       0x14 ./Core/Src/stm32f4xx_it.o
                0x0000000008002758                TIM1_CC_IRQHandler
 .text.TIM2_IRQHandler
                0x000000000800276c       0x14 ./Core/Src/stm32f4xx_it.o
                0x000000000800276c                TIM2_IRQHandler
 .text.TIM3_IRQHandler
                0x0000000008002780       0x14 ./Core/Src/stm32f4xx_it.o
                0x0000000008002780                TIM3_IRQHandler
 .text.TIM4_IRQHandler
                0x0000000008002794       0x14 ./Core/Src/stm32f4xx_it.o
                0x0000000008002794                TIM4_IRQHandler
 .text.OTG_FS_IRQHandler
                0x00000000080027a8       0x14 ./Core/Src/stm32f4xx_it.o
                0x00000000080027a8                OTG_FS_IRQHandler
 .text._sbrk    0x00000000080027bc       0x6c ./Core/Src/sysmem.o
                0x00000000080027bc                _sbrk
 .text.SystemInit
                0x0000000008002828       0x24 ./Core/Src/system_stm32f4xx.o
                0x0000000008002828                SystemInit
 .text.Reset_Handler
                0x000000000800284c       0x50 ./Core/Startup/startup_stm32f407vgtx.o
                0x000000000800284c                Reset_Handler
 .text.Default_Handler
                0x000000000800289c        0x2 ./Core/Startup/startup_stm32f407vgtx.o
                0x000000000800289c                RTC_Alarm_IRQHandler
                0x000000000800289c                HASH_RNG_IRQHandler
                0x000000000800289c                EXTI2_IRQHandler
                0x000000000800289c                TIM8_CC_IRQHandler
                0x000000000800289c                DMA2_Stream5_IRQHandler
                0x000000000800289c                DMA1_Stream5_IRQHandler
                0x000000000800289c                PVD_IRQHandler
                0x000000000800289c                SDIO_IRQHandler
                0x000000000800289c                TAMP_STAMP_IRQHandler
                0x000000000800289c                CAN2_RX1_IRQHandler
                0x000000000800289c                TIM8_TRG_COM_TIM14_IRQHandler
                0x000000000800289c                TIM1_UP_TIM10_IRQHandler
                0x000000000800289c                TIM8_UP_TIM13_IRQHandler
                0x000000000800289c                I2C3_ER_IRQHandler
                0x000000000800289c                I2C2_EV_IRQHandler
                0x000000000800289c                DMA1_Stream2_IRQHandler
                0x000000000800289c                CAN1_RX0_IRQHandler
                0x000000000800289c                FPU_IRQHandler
                0x000000000800289c                OTG_HS_WKUP_IRQHandler
                0x000000000800289c                CAN2_SCE_IRQHandler
                0x000000000800289c                DMA2_Stream2_IRQHandler
                0x000000000800289c                SPI1_IRQHandler
                0x000000000800289c                TIM6_DAC_IRQHandler
                0x000000000800289c                TIM1_BRK_TIM9_IRQHandler
                0x000000000800289c                DCMI_IRQHandler
                0x000000000800289c                CAN2_RX0_IRQHandler
                0x000000000800289c                DMA2_Stream3_IRQHandler
                0x000000000800289c                USART6_IRQHandler
                0x000000000800289c                USART3_IRQHandler
                0x000000000800289c                CAN1_RX1_IRQHandler
                0x000000000800289c                UART5_IRQHandler
                0x000000000800289c                DMA2_Stream0_IRQHandler
                0x000000000800289c                I2C1_EV_IRQHandler
                0x000000000800289c                DMA1_Stream6_IRQHandler
                0x000000000800289c                DMA1_Stream1_IRQHandler
                0x000000000800289c                UART4_IRQHandler
                0x000000000800289c                RCC_IRQHandler
                0x000000000800289c                TIM8_BRK_TIM12_IRQHandler
                0x000000000800289c                Default_Handler
                0x000000000800289c                EXTI15_10_IRQHandler
                0x000000000800289c                ADC_IRQHandler
                0x000000000800289c                DMA1_Stream7_IRQHandler
                0x000000000800289c                TIM7_IRQHandler
                0x000000000800289c                CAN2_TX_IRQHandler
                0x000000000800289c                TIM5_IRQHandler
                0x000000000800289c                DMA2_Stream7_IRQHandler
                0x000000000800289c                I2C3_EV_IRQHandler
                0x000000000800289c                EXTI9_5_IRQHandler
                0x000000000800289c                RTC_WKUP_IRQHandler
                0x000000000800289c                ETH_WKUP_IRQHandler
                0x000000000800289c                SPI2_IRQHandler
                0x000000000800289c                OTG_HS_EP1_IN_IRQHandler
                0x000000000800289c                DMA1_Stream0_IRQHandler
                0x000000000800289c                CAN1_TX_IRQHandler
                0x000000000800289c                FSMC_IRQHandler
                0x000000000800289c                ETH_IRQHandler
                0x000000000800289c                OTG_HS_EP1_OUT_IRQHandler
                0x000000000800289c                WWDG_IRQHandler
                0x000000000800289c                OTG_FS_WKUP_IRQHandler
                0x000000000800289c                TIM1_TRG_COM_TIM11_IRQHandler
                0x000000000800289c                OTG_HS_IRQHandler
                0x000000000800289c                EXTI1_IRQHandler
                0x000000000800289c                USART2_IRQHandler
                0x000000000800289c                I2C2_ER_IRQHandler
                0x000000000800289c                DMA2_Stream1_IRQHandler
                0x000000000800289c                CAN1_SCE_IRQHandler
                0x000000000800289c                FLASH_IRQHandler
                0x000000000800289c                DMA2_Stream4_IRQHandler
                0x000000000800289c                USART1_IRQHandler
                0x000000000800289c                SPI3_IRQHandler
                0x000000000800289c                DMA1_Stream4_IRQHandler
                0x000000000800289c                I2C1_ER_IRQHandler
                0x000000000800289c                DMA2_Stream6_IRQHandler
                0x000000000800289c                DMA1_Stream3_IRQHandler
 *fill*         0x000000000800289e        0x2 
 .text.HAL_Init
                0x00000000080028a0       0x44 ./Drivers/STM32F4xx_HAL_Driver/Src/stm32f4xx_hal.o
                0x00000000080028a0                HAL_Init
 .text.HAL_InitTick
                0x00000000080028e4       0x60 ./Drivers/STM32F4xx_HAL_Driver/Src/stm32f4xx_hal.o
                0x00000000080028e4                HAL_InitTick
 .text.HAL_IncTick
                0x0000000008002944       0x28 ./Drivers/STM32F4xx_HAL_Driver/Src/stm32f4xx_hal.o
                0x0000000008002944                HAL_IncTick
 .text.HAL_GetTick
                0x000000000800296c       0x18 ./Drivers/STM32F4xx_HAL_Driver/Src/stm32f4xx_hal.o
                0x000000000800296c                HAL_GetTick
 .text.HAL_Delay
                0x0000000008002984       0x48 ./Drivers/STM32F4xx_HAL_Driver/Src/stm32f4xx_hal.o
                0x0000000008002984                HAL_Delay
 .text.HAL_ADC_Init
                0x00000000080029cc       0x86 ./Drivers/STM32F4xx_HAL_Driver/Src/stm32f4xx_hal_adc.o
                0x00000000080029cc                HAL_ADC_Init
 *fill*         0x0000000008002a52        0x2 
 .text.HAL_ADC_Start
                0x0000000008002a54      0x1a4 ./Drivers/STM32F4xx_HAL_Driver/Src/stm32f4xx_hal_adc.o
                0x0000000008002a54                HAL_ADC_Start
 .text.HAL_ADC_PollForConversion
                0x0000000008002bf8      0x116 ./Drivers/STM32F4xx_HAL_Driver/Src/stm32f4xx_hal_adc.o
                0x0000000008002bf8                HAL_ADC_PollForConversion
 .text.HAL_ADC_GetValue
                0x0000000008002d0e       0x1a ./Drivers/STM32F4xx_HAL_Driver/Src/stm32f4xx_hal_adc.o
                0x0000000008002d0e                HAL_ADC_GetValue
 .text.HAL_ADC_ConfigChannel
                0x0000000008002d28      0x244 ./Drivers/STM32F4xx_HAL_Driver/Src/stm32f4xx_hal_adc.o
                0x0000000008002d28                HAL_ADC_ConfigChannel
 .text.ADC_Init
                0x0000000008002f6c      0x1f8 ./Drivers/STM32F4xx_HAL_Driver/Src/stm32f4xx_hal_adc.o
 .text.__NVIC_SetPriorityGrouping
                0x0000000008003164       0x48 ./Drivers/STM32F4xx_HAL_Driver/Src/stm32f4xx_hal_cortex.o
 .text.__NVIC_GetPriorityGrouping
                0x00000000080031ac       0x1c ./Drivers/STM32F4xx_HAL_Driver/Src/stm32f4xx_hal_cortex.o
 .text.__NVIC_EnableIRQ
                0x00000000080031c8       0x3c ./Drivers/STM32F4xx_HAL_Driver/Src/stm32f4xx_hal_cortex.o
 .text.__NVIC_SetPriority
                0x0000000008003204       0x54 ./Drivers/STM32F4xx_HAL_Driver/Src/stm32f4xx_hal_cortex.o
 .text.NVIC_EncodePriority
                0x0000000008003258       0x66 ./Drivers/STM32F4xx_HAL_Driver/Src/stm32f4xx_hal_cortex.o
 *fill*         0x00000000080032be        0x2 
 .text.SysTick_Config
                0x00000000080032c0       0x44 ./Drivers/STM32F4xx_HAL_Driver/Src/stm32f4xx_hal_cortex.o
 .text.HAL_NVIC_SetPriorityGrouping
                0x0000000008003304       0x16 ./Drivers/STM32F4xx_HAL_Driver/Src/stm32f4xx_hal_cortex.o
                0x0000000008003304                HAL_NVIC_SetPriorityGrouping
 .text.HAL_NVIC_SetPriority
                0x000000000800331a       0x38 ./Drivers/STM32F4xx_HAL_Driver/Src/stm32f4xx_hal_cortex.o
                0x000000000800331a                HAL_NVIC_SetPriority
 .text.HAL_NVIC_EnableIRQ
                0x0000000008003352       0x1c ./Drivers/STM32F4xx_HAL_Driver/Src/stm32f4xx_hal_cortex.o
                0x0000000008003352                HAL_NVIC_EnableIRQ
 .text.HAL_SYSTICK_Config
                0x000000000800336e       0x18 ./Drivers/STM32F4xx_HAL_Driver/Src/stm32f4xx_hal_cortex.o
                0x000000000800336e                HAL_SYSTICK_Config
 *fill*         0x0000000008003386        0x2 
 .text.HAL_GPIO_Init
                0x0000000008003388      0x338 ./Drivers/STM32F4xx_HAL_Driver/Src/stm32f4xx_hal_gpio.o
                0x0000000008003388                HAL_GPIO_Init
 .text.HAL_GPIO_ReadPin
                0x00000000080036c0       0x30 ./Drivers/STM32F4xx_HAL_Driver/Src/stm32f4xx_hal_gpio.o
                0x00000000080036c0                HAL_GPIO_ReadPin
 .text.HAL_GPIO_WritePin
                0x00000000080036f0       0x32 ./Drivers/STM32F4xx_HAL_Driver/Src/stm32f4xx_hal_gpio.o
                0x00000000080036f0                HAL_GPIO_WritePin
 .text.HAL_GPIO_TogglePin
                0x0000000008003722       0x34 ./Drivers/STM32F4xx_HAL_Driver/Src/stm32f4xx_hal_gpio.o
                0x0000000008003722                HAL_GPIO_TogglePin
 *fill*         0x0000000008003756        0x2 
 .text.HAL_GPIO_EXTI_IRQHandler
                0x0000000008003758       0x30 ./Drivers/STM32F4xx_HAL_Driver/Src/stm32f4xx_hal_gpio.o
                0x0000000008003758                HAL_GPIO_EXTI_IRQHandler
 .text.HAL_HCD_Init
                0x0000000008003788       0xc4 ./Drivers/STM32F4xx_HAL_Driver/Src/stm32f4xx_hal_hcd.o
                0x0000000008003788                HAL_HCD_Init
 .text.HAL_HCD_HC_Init
                0x000000000800384c      0x11e ./Drivers/STM32F4xx_HAL_Driver/Src/stm32f4xx_hal_hcd.o
                0x000000000800384c                HAL_HCD_HC_Init
 .text.HAL_HCD_HC_Halt
                0x000000000800396a       0x46 ./Drivers/STM32F4xx_HAL_Driver/Src/stm32f4xx_hal_hcd.o
                0x000000000800396a                HAL_HCD_HC_Halt
 .text.HAL_HCD_HC_SubmitRequest
                0x00000000080039b0      0x2ac ./Drivers/STM32F4xx_HAL_Driver/Src/stm32f4xx_hal_hcd.o
                0x00000000080039b0                HAL_HCD_HC_SubmitRequest
 .text.HAL_HCD_IRQHandler
                0x0000000008003c5c      0x216 ./Drivers/STM32F4xx_HAL_Driver/Src/stm32f4xx_hal_hcd.o
                0x0000000008003c5c                HAL_HCD_IRQHandler
 .text.HAL_HCD_Start
                0x0000000008003e72       0x46 ./Drivers/STM32F4xx_HAL_Driver/Src/stm32f4xx_hal_hcd.o
                0x0000000008003e72                HAL_HCD_Start
 .text.HAL_HCD_Stop
                0x0000000008003eb8       0x3a ./Drivers/STM32F4xx_HAL_Driver/Src/stm32f4xx_hal_hcd.o
                0x0000000008003eb8                HAL_HCD_Stop
 .text.HAL_HCD_HC_GetURBState
                0x0000000008003ef2       0x28 ./Drivers/STM32F4xx_HAL_Driver/Src/stm32f4xx_hal_hcd.o
                0x0000000008003ef2                HAL_HCD_HC_GetURBState
 .text.HAL_HCD_HC_GetXferCount
                0x0000000008003f1a       0x28 ./Drivers/STM32F4xx_HAL_Driver/Src/stm32f4xx_hal_hcd.o
                0x0000000008003f1a                HAL_HCD_HC_GetXferCount
 .text.HAL_HCD_GetCurrentFrame
                0x0000000008003f42       0x1c ./Drivers/STM32F4xx_HAL_Driver/Src/stm32f4xx_hal_hcd.o
                0x0000000008003f42                HAL_HCD_GetCurrentFrame
 .text.HCD_HC_IN_IRQHandler
                0x0000000008003f5e      0x844 ./Drivers/STM32F4xx_HAL_Driver/Src/stm32f4xx_hal_hcd.o
 .text.HCD_HC_OUT_IRQHandler
                0x00000000080047a2      0x802 ./Drivers/STM32F4xx_HAL_Driver/Src/stm32f4xx_hal_hcd.o
 .text.HCD_RXQLVL_IRQHandler
                0x0000000008004fa4      0x1a4 ./Drivers/STM32F4xx_HAL_Driver/Src/stm32f4xx_hal_hcd.o
 .text.HCD_Port_IRQHandler
                0x0000000008005148       0xe6 ./Drivers/STM32F4xx_HAL_Driver/Src/stm32f4xx_hal_hcd.o
 *fill*         0x000000000800522e        0x2 
 .text.HAL_I2C_Init
                0x0000000008005230      0x288 ./Drivers/STM32F4xx_HAL_Driver/Src/stm32f4xx_hal_i2c.o
                0x0000000008005230                HAL_I2C_Init
 .text.HAL_I2C_Master_Transmit
                0x00000000080054b8      0x1fc ./Drivers/STM32F4xx_HAL_Driver/Src/stm32f4xx_hal_i2c.o
                0x00000000080054b8                HAL_I2C_Master_Transmit
 .text.I2C_MasterRequestWrite
                0x00000000080056b4      0x104 ./Drivers/STM32F4xx_HAL_Driver/Src/stm32f4xx_hal_i2c.o
 .text.I2C_WaitOnFlagUntilTimeout
                0x00000000080057b8       0xae ./Drivers/STM32F4xx_HAL_Driver/Src/stm32f4xx_hal_i2c.o
 .text.I2C_WaitOnMasterAddressFlagUntilTimeout
                0x0000000008005866       0xfe ./Drivers/STM32F4xx_HAL_Driver/Src/stm32f4xx_hal_i2c.o
 .text.I2C_WaitOnTXEFlagUntilTimeout
                0x0000000008005964       0x82 ./Drivers/STM32F4xx_HAL_Driver/Src/stm32f4xx_hal_i2c.o
 .text.I2C_WaitOnBTFFlagUntilTimeout
                0x00000000080059e6       0x82 ./Drivers/STM32F4xx_HAL_Driver/Src/stm32f4xx_hal_i2c.o
 .text.I2C_IsAcknowledgeFailed
                0x0000000008005a68       0x5e ./Drivers/STM32F4xx_HAL_Driver/Src/stm32f4xx_hal_i2c.o
 *fill*         0x0000000008005ac6        0x2 
 .text.HAL_RCC_OscConfig
                0x0000000008005ac8      0x4f0 ./Drivers/STM32F4xx_HAL_Driver/Src/stm32f4xx_hal_rcc.o
                0x0000000008005ac8                HAL_RCC_OscConfig
 .text.HAL_RCC_ClockConfig
                0x0000000008005fb8      0x1cc ./Drivers/STM32F4xx_HAL_Driver/Src/stm32f4xx_hal_rcc.o
                0x0000000008005fb8                HAL_RCC_ClockConfig
 .text.HAL_RCC_GetSysClockFreq
                0x0000000008006184      0x1c4 ./Drivers/STM32F4xx_HAL_Driver/Src/stm32f4xx_hal_rcc.o
                0x0000000008006184                HAL_RCC_GetSysClockFreq
 .text.HAL_RCC_GetHCLKFreq
                0x0000000008006348       0x18 ./Drivers/STM32F4xx_HAL_Driver/Src/stm32f4xx_hal_rcc.o
                0x0000000008006348                HAL_RCC_GetHCLKFreq
 .text.HAL_RCC_GetPCLK1Freq
                0x0000000008006360       0x28 ./Drivers/STM32F4xx_HAL_Driver/Src/stm32f4xx_hal_rcc.o
                0x0000000008006360                HAL_RCC_GetPCLK1Freq
 .text.HAL_SPI_Init
                0x0000000008006388      0x112 ./Drivers/STM32F4xx_HAL_Driver/Src/stm32f4xx_hal_spi.o
                0x0000000008006388                HAL_SPI_Init
 .text.HAL_TIM_Base_Init
                0x000000000800649a       0x9e ./Drivers/STM32F4xx_HAL_Driver/Src/stm32f4xx_hal_tim.o
                0x000000000800649a                HAL_TIM_Base_Init
 .text.HAL_TIM_Base_Start
                0x0000000008006538       0xd0 ./Drivers/STM32F4xx_HAL_Driver/Src/stm32f4xx_hal_tim.o
                0x0000000008006538                HAL_TIM_Base_Start
 .text.HAL_TIM_Base_Start_IT
                0x0000000008006608       0xe0 ./Drivers/STM32F4xx_HAL_Driver/Src/stm32f4xx_hal_tim.o
                0x0000000008006608                HAL_TIM_Base_Start_IT
 .text.HAL_TIM_Base_Stop_IT
                0x00000000080066e8       0x5e ./Drivers/STM32F4xx_HAL_Driver/Src/stm32f4xx_hal_tim.o
                0x00000000080066e8                HAL_TIM_Base_Stop_IT
 .text.HAL_TIM_IC_Init
                0x0000000008006746       0x9e ./Drivers/STM32F4xx_HAL_Driver/Src/stm32f4xx_hal_tim.o
                0x0000000008006746                HAL_TIM_IC_Init
 .text.HAL_TIM_IC_Start_IT
                0x00000000080067e4      0x250 ./Drivers/STM32F4xx_HAL_Driver/Src/stm32f4xx_hal_tim.o
                0x00000000080067e4                HAL_TIM_IC_Start_IT
 .text.HAL_TIM_IRQHandler
                0x0000000008006a34      0x210 ./Drivers/STM32F4xx_HAL_Driver/Src/stm32f4xx_hal_tim.o
                0x0000000008006a34                HAL_TIM_IRQHandler
 .text.HAL_TIM_IC_ConfigChannel
                0x0000000008006c44      0x138 ./Drivers/STM32F4xx_HAL_Driver/Src/stm32f4xx_hal_tim.o
                0x0000000008006c44                HAL_TIM_IC_ConfigChannel
 .text.HAL_TIM_ConfigClockSource
                0x0000000008006d7c      0x18e ./Drivers/STM32F4xx_HAL_Driver/Src/stm32f4xx_hal_tim.o
                0x0000000008006d7c                HAL_TIM_ConfigClockSource
 *fill*         0x0000000008006f0a        0x2 
 .text.HAL_TIM_ReadCapturedValue
                0x0000000008006f0c       0x88 ./Drivers/STM32F4xx_HAL_Driver/Src/stm32f4xx_hal_tim.o
                0x0000000008006f0c                HAL_TIM_ReadCapturedValue
 .text.HAL_TIM_OC_DelayElapsedCallback
                0x0000000008006f94       0x14 ./Drivers/STM32F4xx_HAL_Driver/Src/stm32f4xx_hal_tim.o
                0x0000000008006f94                HAL_TIM_OC_DelayElapsedCallback
 .text.HAL_TIM_PWM_PulseFinishedCallback
                0x0000000008006fa8       0x14 ./Drivers/STM32F4xx_HAL_Driver/Src/stm32f4xx_hal_tim.o
                0x0000000008006fa8                HAL_TIM_PWM_PulseFinishedCallback
 .text.HAL_TIM_TriggerCallback
                0x0000000008006fbc       0x14 ./Drivers/STM32F4xx_HAL_Driver/Src/stm32f4xx_hal_tim.o
                0x0000000008006fbc                HAL_TIM_TriggerCallback
 .text.TIM_Base_SetConfig
                0x0000000008006fd0      0x140 ./Drivers/STM32F4xx_HAL_Driver/Src/stm32f4xx_hal_tim.o
                0x0000000008006fd0                TIM_Base_SetConfig
 .text.TIM_TI1_SetConfig
                0x0000000008007110       0xe8 ./Drivers/STM32F4xx_HAL_Driver/Src/stm32f4xx_hal_tim.o
                0x0000000008007110                TIM_TI1_SetConfig
 .text.TIM_TI1_ConfigInputStage
                0x00000000080071f8       0x5e ./Drivers/STM32F4xx_HAL_Driver/Src/stm32f4xx_hal_tim.o
 .text.TIM_TI2_SetConfig
                0x0000000008007256       0x7a ./Drivers/STM32F4xx_HAL_Driver/Src/stm32f4xx_hal_tim.o
 .text.TIM_TI2_ConfigInputStage
                0x00000000080072d0       0x60 ./Drivers/STM32F4xx_HAL_Driver/Src/stm32f4xx_hal_tim.o
 .text.TIM_TI3_SetConfig
                0x0000000008007330       0x78 ./Drivers/STM32F4xx_HAL_Driver/Src/stm32f4xx_hal_tim.o
 .text.TIM_TI4_SetConfig
                0x00000000080073a8       0x7a ./Drivers/STM32F4xx_HAL_Driver/Src/stm32f4xx_hal_tim.o
 .text.TIM_ITRx_SetConfig
                0x0000000008007422       0x36 ./Drivers/STM32F4xx_HAL_Driver/Src/stm32f4xx_hal_tim.o
 .text.TIM_ETR_SetConfig
                0x0000000008007458       0x40 ./Drivers/STM32F4xx_HAL_Driver/Src/stm32f4xx_hal_tim.o
                0x0000000008007458                TIM_ETR_SetConfig
 .text.TIM_CCxChannelCmd
                0x0000000008007498       0x4a ./Drivers/STM32F4xx_HAL_Driver/Src/stm32f4xx_hal_tim.o
                0x0000000008007498                TIM_CCxChannelCmd
 *fill*         0x00000000080074e2        0x2 
 .text.HAL_TIMEx_MasterConfigSynchronization
                0x00000000080074e4       0xf8 ./Drivers/STM32F4xx_HAL_Driver/Src/stm32f4xx_hal_tim_ex.o
                0x00000000080074e4                HAL_TIMEx_MasterConfigSynchronization
 .text.HAL_TIMEx_CommutCallback
                0x00000000080075dc       0x14 ./Drivers/STM32F4xx_HAL_Driver/Src/stm32f4xx_hal_tim_ex.o
                0x00000000080075dc                HAL_TIMEx_CommutCallback
 .text.HAL_TIMEx_BreakCallback
                0x00000000080075f0       0x14 ./Drivers/STM32F4xx_HAL_Driver/Src/stm32f4xx_hal_tim_ex.o
                0x00000000080075f0                HAL_TIMEx_BreakCallback
 .text.USB_CoreInit
                0x0000000008007604       0xc2 ./Drivers/STM32F4xx_HAL_Driver/Src/stm32f4xx_ll_usb.o
                0x0000000008007604                USB_CoreInit
 .text.USB_EnableGlobalInt
                0x00000000080076c6       0x22 ./Drivers/STM32F4xx_HAL_Driver/Src/stm32f4xx_ll_usb.o
                0x00000000080076c6                USB_EnableGlobalInt
 .text.USB_DisableGlobalInt
                0x00000000080076e8       0x22 ./Drivers/STM32F4xx_HAL_Driver/Src/stm32f4xx_ll_usb.o
                0x00000000080076e8                USB_DisableGlobalInt
 .text.USB_SetCurrentMode
                0x000000000800770a       0x98 ./Drivers/STM32F4xx_HAL_Driver/Src/stm32f4xx_ll_usb.o
                0x000000000800770a                USB_SetCurrentMode
 *fill*         0x00000000080077a2        0x2 
 .text.USB_FlushTxFifo
                0x00000000080077a4       0x48 ./Drivers/STM32F4xx_HAL_Driver/Src/stm32f4xx_ll_usb.o
                0x00000000080077a4                USB_FlushTxFifo
 .text.USB_FlushRxFifo
                0x00000000080077ec       0x40 ./Drivers/STM32F4xx_HAL_Driver/Src/stm32f4xx_ll_usb.o
                0x00000000080077ec                USB_FlushRxFifo
 .text.USB_WritePacket
                0x000000000800782c       0x7c ./Drivers/STM32F4xx_HAL_Driver/Src/stm32f4xx_ll_usb.o
                0x000000000800782c                USB_WritePacket
 .text.USB_ReadPacket
                0x00000000080078a8       0xb0 ./Drivers/STM32F4xx_HAL_Driver/Src/stm32f4xx_ll_usb.o
                0x00000000080078a8                USB_ReadPacket
 .text.USB_ReadInterrupts
                0x0000000008007958       0x26 ./Drivers/STM32F4xx_HAL_Driver/Src/stm32f4xx_ll_usb.o
                0x0000000008007958                USB_ReadInterrupts
 .text.USB_GetMode
                0x000000000800797e       0x1c ./Drivers/STM32F4xx_HAL_Driver/Src/stm32f4xx_ll_usb.o
                0x000000000800797e                USB_GetMode
 *fill*         0x000000000800799a        0x2 
 .text.USB_CoreReset
                0x000000000800799c       0x64 ./Drivers/STM32F4xx_HAL_Driver/Src/stm32f4xx_ll_usb.o
 .text.USB_HostInit
                0x0000000008007a00      0x168 ./Drivers/STM32F4xx_HAL_Driver/Src/stm32f4xx_ll_usb.o
                0x0000000008007a00                USB_HostInit
 .text.USB_InitFSLSPClkSel
                0x0000000008007b68       0x74 ./Drivers/STM32F4xx_HAL_Driver/Src/stm32f4xx_ll_usb.o
                0x0000000008007b68                USB_InitFSLSPClkSel
 .text.USB_DriveVbus
                0x0000000008007bdc       0x72 ./Drivers/STM32F4xx_HAL_Driver/Src/stm32f4xx_ll_usb.o
                0x0000000008007bdc                USB_DriveVbus
 .text.USB_GetHostSpeed
                0x0000000008007c4e       0x2e ./Drivers/STM32F4xx_HAL_Driver/Src/stm32f4xx_ll_usb.o
                0x0000000008007c4e                USB_GetHostSpeed
 .text.USB_GetCurrentFrame
                0x0000000008007c7c       0x22 ./Drivers/STM32F4xx_HAL_Driver/Src/stm32f4xx_ll_usb.o
                0x0000000008007c7c                USB_GetCurrentFrame
 *fill*         0x0000000008007c9e        0x2 
 .text.USB_HC_Init
                0x0000000008007ca0      0x21c ./Drivers/STM32F4xx_HAL_Driver/Src/stm32f4xx_ll_usb.o
                0x0000000008007ca0                USB_HC_Init
 .text.USB_HC_StartXfer
                0x0000000008007ebc      0x284 ./Drivers/STM32F4xx_HAL_Driver/Src/stm32f4xx_ll_usb.o
                0x0000000008007ebc                USB_HC_StartXfer
 .text.USB_HC_ReadInterrupt
                0x0000000008008140       0x22 ./Drivers/STM32F4xx_HAL_Driver/Src/stm32f4xx_ll_usb.o
                0x0000000008008140                USB_HC_ReadInterrupt
 .text.USB_HC_Halt
                0x0000000008008162      0x238 ./Drivers/STM32F4xx_HAL_Driver/Src/stm32f4xx_ll_usb.o
                0x0000000008008162                USB_HC_Halt
 *fill*         0x000000000800839a        0x2 
 .text.USB_DoPing
                0x000000000800839c       0x78 ./Drivers/STM32F4xx_HAL_Driver/Src/stm32f4xx_ll_usb.o
                0x000000000800839c                USB_DoPing
 .text.USB_StopHost
                0x0000000008008414      0x10c ./Drivers/STM32F4xx_HAL_Driver/Src/stm32f4xx_ll_usb.o
                0x0000000008008414                USB_StopHost
 .text.USBH_CDC_InterfaceInit
                0x0000000008008520      0x2ac ./Middlewares/ST/STM32_USB_Host_Library/Class/CDC/Src/usbh_cdc.o
 .text.USBH_CDC_InterfaceDeInit
                0x00000000080087cc       0xb2 ./Middlewares/ST/STM32_USB_Host_Library/Class/CDC/Src/usbh_cdc.o
 .text.USBH_CDC_ClassRequest
                0x000000000800887e       0x3e ./Middlewares/ST/STM32_USB_Host_Library/Class/CDC/Src/usbh_cdc.o
 .text.USBH_CDC_Process
                0x00000000080088bc      0x12c ./Middlewares/ST/STM32_USB_Host_Library/Class/CDC/Src/usbh_cdc.o
 .text.USBH_CDC_SOFProcess
                0x00000000080089e8       0x16 ./Middlewares/ST/STM32_USB_Host_Library/Class/CDC/Src/usbh_cdc.o
 .text.GetLineCoding
                0x00000000080089fe       0x3e ./Middlewares/ST/STM32_USB_Host_Library/Class/CDC/Src/usbh_cdc.o
 .text.SetLineCoding
                0x0000000008008a3c       0x3e ./Middlewares/ST/STM32_USB_Host_Library/Class/CDC/Src/usbh_cdc.o
 .text.CDC_ProcessTransmission
                0x0000000008008a7a       0xec ./Middlewares/ST/STM32_USB_Host_Library/Class/CDC/Src/usbh_cdc.o
 .text.CDC_ProcessReception
                0x0000000008008b66       0xb6 ./Middlewares/ST/STM32_USB_Host_Library/Class/CDC/Src/usbh_cdc.o
 .text.USBH_CDC_TransmitCallback
                0x0000000008008c1c       0x14 ./Middlewares/ST/STM32_USB_Host_Library/Class/CDC/Src/usbh_cdc.o
                0x0000000008008c1c                USBH_CDC_TransmitCallback
 .text.USBH_CDC_ReceiveCallback
                0x0000000008008c30       0x14 ./Middlewares/ST/STM32_USB_Host_Library/Class/CDC/Src/usbh_cdc.o
                0x0000000008008c30                USBH_CDC_ReceiveCallback
 .text.USBH_CDC_LineCodingChanged
                0x0000000008008c44       0x14 ./Middlewares/ST/STM32_USB_Host_Library/Class/CDC/Src/usbh_cdc.o
                0x0000000008008c44                USBH_CDC_LineCodingChanged
 .text.USBH_Init
                0x0000000008008c58       0x74 ./Middlewares/ST/STM32_USB_Host_Library/Core/Src/usbh_core.o
                0x0000000008008c58                USBH_Init
 .text.DeInitStateMachine
                0x0000000008008ccc       0xa8 ./Middlewares/ST/STM32_USB_Host_Library/Core/Src/usbh_core.o
 .text.USBH_RegisterClass
                0x0000000008008d74       0x54 ./Middlewares/ST/STM32_USB_Host_Library/Core/Src/usbh_core.o
                0x0000000008008d74                USBH_RegisterClass
 .text.USBH_SelectInterface
                0x0000000008008dc8       0x38 ./Middlewares/ST/STM32_USB_Host_Library/Core/Src/usbh_core.o
                0x0000000008008dc8                USBH_SelectInterface
 .text.USBH_FindInterface
                0x0000000008008e00       0x8c ./Middlewares/ST/STM32_USB_Host_Library/Core/Src/usbh_core.o
                0x0000000008008e00                USBH_FindInterface
 .text.USBH_Start
                0x0000000008008e8c       0x20 ./Middlewares/ST/STM32_USB_Host_Library/Core/Src/usbh_core.o
                0x0000000008008e8c                USBH_Start
 .text.USBH_LL_SetTimer
                0x0000000008008eac       0x1e ./Middlewares/ST/STM32_USB_Host_Library/Core/Src/usbh_core.o
                0x0000000008008eac                USBH_LL_SetTimer
 .text.USBH_LL_IncTimer
                0x0000000008008eca       0x24 ./Middlewares/ST/STM32_USB_Host_Library/Core/Src/usbh_core.o
                0x0000000008008eca                USBH_LL_IncTimer
 .text.USBH_HandleSof
                0x0000000008008eee       0x30 ./Middlewares/ST/STM32_USB_Host_Library/Core/Src/usbh_core.o
 .text.USBH_LL_PortEnabled
                0x0000000008008f1e       0x1c ./Middlewares/ST/STM32_USB_Host_Library/Core/Src/usbh_core.o
                0x0000000008008f1e                USBH_LL_PortEnabled
 .text.USBH_LL_PortDisabled
                0x0000000008008f3a       0x1c ./Middlewares/ST/STM32_USB_Host_Library/Core/Src/usbh_core.o
                0x0000000008008f3a                USBH_LL_PortDisabled
 .text.USBH_LL_Connect
                0x0000000008008f56       0x2e ./Middlewares/ST/STM32_USB_Host_Library/Core/Src/usbh_core.o
                0x0000000008008f56                USBH_LL_Connect
 .text.USBH_LL_Disconnect
                0x0000000008008f84       0x48 ./Middlewares/ST/STM32_USB_Host_Library/Core/Src/usbh_core.o
                0x0000000008008f84                USBH_LL_Disconnect
 .text.USBH_ClrFeature
                0x0000000008008fcc       0x48 ./Middlewares/ST/STM32_USB_Host_Library/Core/Src/usbh_ctlreq.o
                0x0000000008008fcc                USBH_ClrFeature
 .text.USBH_CtlReq
                0x0000000008009014       0x7a ./Middlewares/ST/STM32_USB_Host_Library/Core/Src/usbh_ctlreq.o
                0x0000000008009014                USBH_CtlReq
 *fill*         0x000000000800908e        0x2 
 .text.USBH_HandleControl
                0x0000000008009090      0x2e8 ./Middlewares/ST/STM32_USB_Host_Library/Core/Src/usbh_ctlreq.o
 .text.USBH_CtlSendSetup
                0x0000000008009378       0x34 ./Middlewares/ST/STM32_USB_Host_Library/Core/Src/usbh_ioreq.o
                0x0000000008009378                USBH_CtlSendSetup
 .text.USBH_CtlSendData
                0x00000000080093ac       0x4a ./Middlewares/ST/STM32_USB_Host_Library/Core/Src/usbh_ioreq.o
                0x00000000080093ac                USBH_CtlSendData
 .text.USBH_CtlReceiveData
                0x00000000080093f6       0x3c ./Middlewares/ST/STM32_USB_Host_Library/Core/Src/usbh_ioreq.o
                0x00000000080093f6                USBH_CtlReceiveData
 .text.USBH_BulkSendData
                0x0000000008009432       0x4a ./Middlewares/ST/STM32_USB_Host_Library/Core/Src/usbh_ioreq.o
                0x0000000008009432                USBH_BulkSendData
 .text.USBH_BulkReceiveData
                0x000000000800947c       0x3c ./Middlewares/ST/STM32_USB_Host_Library/Core/Src/usbh_ioreq.o
                0x000000000800947c                USBH_BulkReceiveData
 .text.USBH_OpenPipe
                0x00000000080094b8       0x3e ./Middlewares/ST/STM32_USB_Host_Library/Core/Src/usbh_pipes.o
                0x00000000080094b8                USBH_OpenPipe
 .text.USBH_ClosePipe
                0x00000000080094f6       0x20 ./Middlewares/ST/STM32_USB_Host_Library/Core/Src/usbh_pipes.o
                0x00000000080094f6                USBH_ClosePipe
 .text.USBH_AllocPipe
                0x0000000008009516       0x42 ./Middlewares/ST/STM32_USB_Host_Library/Core/Src/usbh_pipes.o
                0x0000000008009516                USBH_AllocPipe
 .text.USBH_FreePipe
                0x0000000008009558       0x3c ./Middlewares/ST/STM32_USB_Host_Library/Core/Src/usbh_pipes.o
                0x0000000008009558                USBH_FreePipe
 .text.USBH_GetFreePipe
                0x0000000008009594       0x48 ./Middlewares/ST/STM32_USB_Host_Library/Core/Src/usbh_pipes.o
 .text.MX_USB_HOST_Init
                0x00000000080095dc       0x4c ./USB_HOST/App/usb_host.o
                0x00000000080095dc                MX_USB_HOST_Init
 .text.USBH_UserProcess
                0x0000000008009628       0x5c ./USB_HOST/App/usb_host.o
 .text.HAL_HCD_MspInit
                0x0000000008009684       0xc4 ./USB_HOST/Target/usbh_conf.o
                0x0000000008009684                HAL_HCD_MspInit
 .text.HAL_HCD_SOF_Callback
                0x0000000008009748       0x1c ./USB_HOST/Target/usbh_conf.o
                0x0000000008009748                HAL_HCD_SOF_Callback
 .text.HAL_HCD_Connect_Callback
                0x0000000008009764       0x1c ./USB_HOST/Target/usbh_conf.o
                0x0000000008009764                HAL_HCD_Connect_Callback
 .text.HAL_HCD_Disconnect_Callback
                0x0000000008009780       0x1c ./USB_HOST/Target/usbh_conf.o
                0x0000000008009780                HAL_HCD_Disconnect_Callback
 .text.HAL_HCD_HC_NotifyURBChange_Callback
                0x000000000800979c       0x1c ./USB_HOST/Target/usbh_conf.o
                0x000000000800979c                HAL_HCD_HC_NotifyURBChange_Callback
 .text.HAL_HCD_PortEnabled_Callback
                0x00000000080097b8       0x1c ./USB_HOST/Target/usbh_conf.o
                0x00000000080097b8                HAL_HCD_PortEnabled_Callback
 .text.HAL_HCD_PortDisabled_Callback
                0x00000000080097d4       0x1c ./USB_HOST/Target/usbh_conf.o
                0x00000000080097d4                HAL_HCD_PortDisabled_Callback
 .text.USBH_LL_Init
                0x00000000080097f0       0x78 ./USB_HOST/Target/usbh_conf.o
                0x00000000080097f0                USBH_LL_Init
 .text.USBH_LL_Start
                0x0000000008009868       0x36 ./USB_HOST/Target/usbh_conf.o
                0x0000000008009868                USBH_LL_Start
 .text.USBH_LL_Stop
                0x000000000800989e       0x36 ./USB_HOST/Target/usbh_conf.o
                0x000000000800989e                USBH_LL_Stop
 .text.USBH_LL_GetLastXferSize
                0x00000000080098d4       0x26 ./USB_HOST/Target/usbh_conf.o
                0x00000000080098d4                USBH_LL_GetLastXferSize
 .text.USBH_LL_OpenPipe
                0x00000000080098fa       0x5e ./USB_HOST/Target/usbh_conf.o
                0x00000000080098fa                USBH_LL_OpenPipe
 .text.USBH_LL_ClosePipe
                0x0000000008009958       0x3e ./USB_HOST/Target/usbh_conf.o
                0x0000000008009958                USBH_LL_ClosePipe
 .text.USBH_LL_SubmitURB
                0x0000000008009996       0x62 ./USB_HOST/Target/usbh_conf.o
                0x0000000008009996                USBH_LL_SubmitURB
 .text.USBH_LL_GetURBState
                0x00000000080099f8       0x26 ./USB_HOST/Target/usbh_conf.o
                0x00000000080099f8                USBH_LL_GetURBState
 .text.USBH_LL_DriverVBUS
                0x0000000008009a1e       0x2e ./USB_HOST/Target/usbh_conf.o
                0x0000000008009a1e                USBH_LL_DriverVBUS
 .text.USBH_LL_SetToggle
                0x0000000008009a4c       0x60 ./USB_HOST/Target/usbh_conf.o
                0x0000000008009a4c                USBH_LL_SetToggle
 .text.USBH_Get_USB_Status
                0x0000000008009aac       0x58 ./USB_HOST/Target/usbh_conf.o
                0x0000000008009aac                USBH_Get_USB_Status
 .text.MX_DriverVbusFS
                0x0000000008009b04       0x38 ./USB_HOST/Target/usbh_platform.o
                0x0000000008009b04                MX_DriverVbusFS
 .text.__errno  0x0000000008009b3c        0xc c:/st/stm32cubeide_1.7.0/stm32cubeide/plugins/com.st.stm32cube.ide.mcu.externaltools.gnu-tools-for-stm32.9-2020-q2-update.win32_2.0.0.202105311346/tools/bin/../lib/gcc/arm-none-eabi/9.3.1/../../../../arm-none-eabi/lib/thumb/v7e-m+fp/hard\libc_nano.a(lib_a-errno.o)
                0x0000000008009b3c                __errno
 .text.__libc_init_array
                0x0000000008009b48       0x48 c:/st/stm32cubeide_1.7.0/stm32cubeide/plugins/com.st.stm32cube.ide.mcu.externaltools.gnu-tools-for-stm32.9-2020-q2-update.win32_2.0.0.202105311346/tools/bin/../lib/gcc/arm-none-eabi/9.3.1/../../../../arm-none-eabi/lib/thumb/v7e-m+fp/hard\libc_nano.a(lib_a-init.o)
                0x0000000008009b48                __libc_init_array
 .text.__itoa   0x0000000008009b90       0x30 c:/st/stm32cubeide_1.7.0/stm32cubeide/plugins/com.st.stm32cube.ide.mcu.externaltools.gnu-tools-for-stm32.9-2020-q2-update.win32_2.0.0.202105311346/tools/bin/../lib/gcc/arm-none-eabi/9.3.1/../../../../arm-none-eabi/lib/thumb/v7e-m+fp/hard\libc_nano.a(lib_a-itoa.o)
                0x0000000008009b90                __itoa
 .text.itoa     0x0000000008009bc0        0x4 c:/st/stm32cubeide_1.7.0/stm32cubeide/plugins/com.st.stm32cube.ide.mcu.externaltools.gnu-tools-for-stm32.9-2020-q2-update.win32_2.0.0.202105311346/tools/bin/../lib/gcc/arm-none-eabi/9.3.1/../../../../arm-none-eabi/lib/thumb/v7e-m+fp/hard\libc_nano.a(lib_a-itoa.o)
                0x0000000008009bc0                itoa
 .text.malloc   0x0000000008009bc4       0x10 c:/st/stm32cubeide_1.7.0/stm32cubeide/plugins/com.st.stm32cube.ide.mcu.externaltools.gnu-tools-for-stm32.9-2020-q2-update.win32_2.0.0.202105311346/tools/bin/../lib/gcc/arm-none-eabi/9.3.1/../../../../arm-none-eabi/lib/thumb/v7e-m+fp/hard\libc_nano.a(lib_a-malloc.o)
                0x0000000008009bc4                malloc
 .text.free     0x0000000008009bd4       0x10 c:/st/stm32cubeide_1.7.0/stm32cubeide/plugins/com.st.stm32cube.ide.mcu.externaltools.gnu-tools-for-stm32.9-2020-q2-update.win32_2.0.0.202105311346/tools/bin/../lib/gcc/arm-none-eabi/9.3.1/../../../../arm-none-eabi/lib/thumb/v7e-m+fp/hard\libc_nano.a(lib_a-malloc.o)
                0x0000000008009bd4                free
 .text.memset   0x0000000008009be4       0x10 c:/st/stm32cubeide_1.7.0/stm32cubeide/plugins/com.st.stm32cube.ide.mcu.externaltools.gnu-tools-for-stm32.9-2020-q2-update.win32_2.0.0.202105311346/tools/bin/../lib/gcc/arm-none-eabi/9.3.1/../../../../arm-none-eabi/lib/thumb/v7e-m+fp/hard\libc_nano.a(lib_a-memset.o)
                0x0000000008009be4                memset
 .text._free_r  0x0000000008009bf4       0xa0 c:/st/stm32cubeide_1.7.0/stm32cubeide/plugins/com.st.stm32cube.ide.mcu.externaltools.gnu-tools-for-stm32.9-2020-q2-update.win32_2.0.0.202105311346/tools/bin/../lib/gcc/arm-none-eabi/9.3.1/../../../../arm-none-eabi/lib/thumb/v7e-m+fp/hard\libc_nano.a(lib_a-nano-freer.o)
                0x0000000008009bf4                _free_r
 .text._malloc_r
                0x0000000008009c94       0xb4 c:/st/stm32cubeide_1.7.0/stm32cubeide/plugins/com.st.stm32cube.ide.mcu.externaltools.gnu-tools-for-stm32.9-2020-q2-update.win32_2.0.0.202105311346/tools/bin/../lib/gcc/arm-none-eabi/9.3.1/../../../../arm-none-eabi/lib/thumb/v7e-m+fp/hard\libc_nano.a(lib_a-nano-mallocr.o)
                0x0000000008009c94                _malloc_r
 .text._sbrk_r  0x0000000008009d48       0x20 c:/st/stm32cubeide_1.7.0/stm32cubeide/plugins/com.st.stm32cube.ide.mcu.externaltools.gnu-tools-for-stm32.9-2020-q2-update.win32_2.0.0.202105311346/tools/bin/../lib/gcc/arm-none-eabi/9.3.1/../../../../arm-none-eabi/lib/thumb/v7e-m+fp/hard\libc_nano.a(lib_a-sbrkr.o)
                0x0000000008009d48                _sbrk_r
 .text.__utoa   0x0000000008009d68       0x84 c:/st/stm32cubeide_1.7.0/stm32cubeide/plugins/com.st.stm32cube.ide.mcu.externaltools.gnu-tools-for-stm32.9-2020-q2-update.win32_2.0.0.202105311346/tools/bin/../lib/gcc/arm-none-eabi/9.3.1/../../../../arm-none-eabi/lib/thumb/v7e-m+fp/hard\libc_nano.a(lib_a-utoa.o)
                0x0000000008009d68                __utoa
 .text.__malloc_lock
                0x0000000008009dec        0xc c:/st/stm32cubeide_1.7.0/stm32cubeide/plugins/com.st.stm32cube.ide.mcu.externaltools.gnu-tools-for-stm32.9-2020-q2-update.win32_2.0.0.202105311346/tools/bin/../lib/gcc/arm-none-eabi/9.3.1/../../../../arm-none-eabi/lib/thumb/v7e-m+fp/hard\libc_nano.a(lib_a-mlock.o)
                0x0000000008009dec                __malloc_lock
 .text.__malloc_unlock
                0x0000000008009df8        0xc c:/st/stm32cubeide_1.7.0/stm32cubeide/plugins/com.st.stm32cube.ide.mcu.externaltools.gnu-tools-for-stm32.9-2020-q2-update.win32_2.0.0.202105311346/tools/bin/../lib/gcc/arm-none-eabi/9.3.1/../../../../arm-none-eabi/lib/thumb/v7e-m+fp/hard\libc_nano.a(lib_a-mlock.o)
                0x0000000008009df8                __malloc_unlock
 .text.__retarget_lock_acquire_recursive
                0x0000000008009e04        0x2 c:/st/stm32cubeide_1.7.0/stm32cubeide/plugins/com.st.stm32cube.ide.mcu.externaltools.gnu-tools-for-stm32.9-2020-q2-update.win32_2.0.0.202105311346/tools/bin/../lib/gcc/arm-none-eabi/9.3.1/../../../../arm-none-eabi/lib/thumb/v7e-m+fp/hard\libc_nano.a(lib_a-lock.o)
                0x0000000008009e04                __retarget_lock_acquire_recursive
 .text.__retarget_lock_release_recursive
                0x0000000008009e06        0x2 c:/st/stm32cubeide_1.7.0/stm32cubeide/plugins/com.st.stm32cube.ide.mcu.externaltools.gnu-tools-for-stm32.9-2020-q2-update.win32_2.0.0.202105311346/tools/bin/../lib/gcc/arm-none-eabi/9.3.1/../../../../arm-none-eabi/lib/thumb/v7e-m+fp/hard\libc_nano.a(lib_a-lock.o)
                0x0000000008009e06                __retarget_lock_release_recursive
 *(.glue_7)
 .glue_7        0x0000000008009e08        0x0 linker stubs
 *(.glue_7t)
 .glue_7t       0x0000000008009e08        0x0 linker stubs
 *(.eh_frame)
 .eh_frame      0x0000000008009e08        0x0 c:/st/stm32cubeide_1.7.0/stm32cubeide/plugins/com.st.stm32cube.ide.mcu.externaltools.gnu-tools-for-stm32.9-2020-q2-update.win32_2.0.0.202105311346/tools/bin/../lib/gcc/arm-none-eabi/9.3.1/thumb/v7e-m+fp/hard/crtbegin.o
 *(.init)
 .init          0x0000000008009e08        0x4 c:/st/stm32cubeide_1.7.0/stm32cubeide/plugins/com.st.stm32cube.ide.mcu.externaltools.gnu-tools-for-stm32.9-2020-q2-update.win32_2.0.0.202105311346/tools/bin/../lib/gcc/arm-none-eabi/9.3.1/thumb/v7e-m+fp/hard/crti.o
                0x0000000008009e08                _init
 .init          0x0000000008009e0c        0x8 c:/st/stm32cubeide_1.7.0/stm32cubeide/plugins/com.st.stm32cube.ide.mcu.externaltools.gnu-tools-for-stm32.9-2020-q2-update.win32_2.0.0.202105311346/tools/bin/../lib/gcc/arm-none-eabi/9.3.1/thumb/v7e-m+fp/hard/crtn.o
 *(.fini)
 .fini          0x0000000008009e14        0x4 c:/st/stm32cubeide_1.7.0/stm32cubeide/plugins/com.st.stm32cube.ide.mcu.externaltools.gnu-tools-for-stm32.9-2020-q2-update.win32_2.0.0.202105311346/tools/bin/../lib/gcc/arm-none-eabi/9.3.1/thumb/v7e-m+fp/hard/crti.o
                0x0000000008009e14                _fini
 .fini          0x0000000008009e18        0x8 c:/st/stm32cubeide_1.7.0/stm32cubeide/plugins/com.st.stm32cube.ide.mcu.externaltools.gnu-tools-for-stm32.9-2020-q2-update.win32_2.0.0.202105311346/tools/bin/../lib/gcc/arm-none-eabi/9.3.1/thumb/v7e-m+fp/hard/crtn.o
                0x0000000008009e20                . = ALIGN (0x4)
                0x0000000008009e20                _etext = .

.vfp11_veneer   0x0000000008009e20        0x0
 .vfp11_veneer  0x0000000008009e20        0x0 linker stubs

.v4_bx          0x0000000008009e20        0x0
 .v4_bx         0x0000000008009e20        0x0 linker stubs

.iplt           0x0000000008009e20        0x0
 .iplt          0x0000000008009e20        0x0 c:/st/stm32cubeide_1.7.0/stm32cubeide/plugins/com.st.stm32cube.ide.mcu.externaltools.gnu-tools-for-stm32.9-2020-q2-update.win32_2.0.0.202105311346/tools/bin/../lib/gcc/arm-none-eabi/9.3.1/thumb/v7e-m+fp/hard/crtbegin.o

.rodata         0x0000000008009e20       0xe4
                0x0000000008009e20                . = ALIGN (0x4)
 *(.rodata)
 .rodata        0x0000000008009e20       0x9f ./Core/Src/main.o
 *fill*         0x0000000008009ebf        0x1 
 .rodata        0x0000000008009ec0        0x4 ./Middlewares/ST/STM32_USB_Host_Library/Class/CDC/Src/usbh_cdc.o
 *(.rodata*)
 .rodata.AHBPrescTable
                0x0000000008009ec4       0x10 ./Core/Src/system_stm32f4xx.o
                0x0000000008009ec4                AHBPrescTable
 .rodata.APBPrescTable
                0x0000000008009ed4        0x8 ./Core/Src/system_stm32f4xx.o
                0x0000000008009ed4                APBPrescTable
 .rodata.__utoa.str1.1
                0x0000000008009edc       0x25 c:/st/stm32cubeide_1.7.0/stm32cubeide/plugins/com.st.stm32cube.ide.mcu.externaltools.gnu-tools-for-stm32.9-2020-q2-update.win32_2.0.0.202105311346/tools/bin/../lib/gcc/arm-none-eabi/9.3.1/../../../../arm-none-eabi/lib/thumb/v7e-m+fp/hard\libc_nano.a(lib_a-utoa.o)
                0x0000000008009f04                . = ALIGN (0x4)
 *fill*         0x0000000008009f01        0x3 

.ARM.extab      0x0000000008009f04        0x0
                0x0000000008009f04                . = ALIGN (0x4)
 *(.ARM.extab* .gnu.linkonce.armextab.*)
                0x0000000008009f04                . = ALIGN (0x4)

.ARM            0x0000000008009f04        0x8
                0x0000000008009f04                . = ALIGN (0x4)
                0x0000000008009f04                __exidx_start = .
 *(.ARM.exidx*)
 .ARM.exidx     0x0000000008009f04        0x8 c:/st/stm32cubeide_1.7.0/stm32cubeide/plugins/com.st.stm32cube.ide.mcu.externaltools.gnu-tools-for-stm32.9-2020-q2-update.win32_2.0.0.202105311346/tools/bin/../lib/gcc/arm-none-eabi/9.3.1/thumb/v7e-m+fp/hard\libgcc.a(_udivmoddi4.o)
                0x0000000008009f0c                __exidx_end = .
                0x0000000008009f0c                . = ALIGN (0x4)

.rel.dyn        0x0000000008009f0c        0x0
 .rel.iplt      0x0000000008009f0c        0x0 c:/st/stm32cubeide_1.7.0/stm32cubeide/plugins/com.st.stm32cube.ide.mcu.externaltools.gnu-tools-for-stm32.9-2020-q2-update.win32_2.0.0.202105311346/tools/bin/../lib/gcc/arm-none-eabi/9.3.1/thumb/v7e-m+fp/hard/crtbegin.o

.preinit_array  0x0000000008009f0c        0x0
                0x0000000008009f0c                . = ALIGN (0x4)
                0x0000000008009f0c                PROVIDE (__preinit_array_start = .)
 *(.preinit_array*)
                0x0000000008009f0c                PROVIDE (__preinit_array_end = .)
                0x0000000008009f0c                . = ALIGN (0x4)

.init_array     0x0000000008009f0c        0x4
                0x0000000008009f0c                . = ALIGN (0x4)
                0x0000000008009f0c                PROVIDE (__init_array_start = .)
 *(SORT_BY_NAME(.init_array.*))
 *(.init_array*)
 .init_array    0x0000000008009f0c        0x4 c:/st/stm32cubeide_1.7.0/stm32cubeide/plugins/com.st.stm32cube.ide.mcu.externaltools.gnu-tools-for-stm32.9-2020-q2-update.win32_2.0.0.202105311346/tools/bin/../lib/gcc/arm-none-eabi/9.3.1/thumb/v7e-m+fp/hard/crtbegin.o
                0x0000000008009f10                PROVIDE (__init_array_end = .)
                0x0000000008009f10                . = ALIGN (0x4)

.fini_array     0x0000000008009f10        0x4
                0x0000000008009f10                . = ALIGN (0x4)
                [!provide]                        PROVIDE (__fini_array_start = .)
 *(SORT_BY_NAME(.fini_array.*))
 *(.fini_array*)
 .fini_array    0x0000000008009f10        0x4 c:/st/stm32cubeide_1.7.0/stm32cubeide/plugins/com.st.stm32cube.ide.mcu.externaltools.gnu-tools-for-stm32.9-2020-q2-update.win32_2.0.0.202105311346/tools/bin/../lib/gcc/arm-none-eabi/9.3.1/thumb/v7e-m+fp/hard/crtbegin.o
                [!provide]                        PROVIDE (__fini_array_end = .)
                0x0000000008009f14                . = ALIGN (0x4)
                0x0000000008009f14                _sidata = LOADADDR (.data)

.data           0x0000000020000000       0x9c load address 0x0000000008009f14
                0x0000000020000000                . = ALIGN (0x4)
                0x0000000020000000                _sdata = .
 *(.data)
 *(.data*)
 .data.pState   0x0000000020000000        0x4 ./Core/Src/main.o
                0x0000000020000000                pState
 .data.t_vaciado
                0x0000000020000004        0x4 ./Core/Src/main.o
                0x0000000020000004                t_vaciado
 .data.Lmin     0x0000000020000008        0x2 ./Core/Src/main.o
                0x0000000020000008                Lmin
 .data.Lmax     0x000000002000000a        0x2 ./Core/Src/main.o
                0x000000002000000a                Lmax
 .data.SystemCoreClock
                0x000000002000000c        0x4 ./Core/Src/system_stm32f4xx.o
                0x000000002000000c                SystemCoreClock
 .data.uwTickPrio
                0x0000000020000010        0x4 ./Drivers/STM32F4xx_HAL_Driver/Src/stm32f4xx_hal.o
                0x0000000020000010                uwTickPrio
 .data.uwTickFreq
                0x0000000020000014        0x1 ./Drivers/STM32F4xx_HAL_Driver/Src/stm32f4xx_hal.o
                0x0000000020000014                uwTickFreq
 *fill*         0x0000000020000015        0x3 
 .data.CDC_Class
                0x0000000020000018       0x20 ./Middlewares/ST/STM32_USB_Host_Library/Class/CDC/Src/usbh_cdc.o
                0x0000000020000018                CDC_Class
 .data._impure_ptr
                0x0000000020000038        0x4 c:/st/stm32cubeide_1.7.0/stm32cubeide/plugins/com.st.stm32cube.ide.mcu.externaltools.gnu-tools-for-stm32.9-2020-q2-update.win32_2.0.0.202105311346/tools/bin/../lib/gcc/arm-none-eabi/9.3.1/../../../../arm-none-eabi/lib/thumb/v7e-m+fp/hard\libc_nano.a(lib_a-impure.o)
                0x0000000020000038                _impure_ptr
 .data.impure_data
                0x000000002000003c       0x60 c:/st/stm32cubeide_1.7.0/stm32cubeide/plugins/com.st.stm32cube.ide.mcu.externaltools.gnu-tools-for-stm32.9-2020-q2-update.win32_2.0.0.202105311346/tools/bin/../lib/gcc/arm-none-eabi/9.3.1/../../../../arm-none-eabi/lib/thumb/v7e-m+fp/hard\libc_nano.a(lib_a-impure.o)
 *(.RamFunc)
 *(.RamFunc*)
                0x000000002000009c                . = ALIGN (0x4)
                0x000000002000009c                _edata = .
                0x0000000008009fb0                _siccmram = LOADADDR (.ccmram)

.igot.plt       0x000000002000009c        0x0 load address 0x0000000008009fb0
 .igot.plt      0x000000002000009c        0x0 c:/st/stm32cubeide_1.7.0/stm32cubeide/plugins/com.st.stm32cube.ide.mcu.externaltools.gnu-tools-for-stm32.9-2020-q2-update.win32_2.0.0.202105311346/tools/bin/../lib/gcc/arm-none-eabi/9.3.1/thumb/v7e-m+fp/hard/crtbegin.o

.ccmram         0x0000000010000000        0x0 load address 0x0000000008009fb0
                0x0000000010000000                . = ALIGN (0x4)
                0x0000000010000000                _sccmram = .
 *(.ccmram)
 *(.ccmram*)
                0x0000000010000000                . = ALIGN (0x4)
                0x0000000010000000                _eccmram = .
                0x0000000010000000                . = ALIGN (0x4)

.bss            0x000000002000009c      0x994
                0x000000002000009c                _sbss = .
                0x000000002000009c                __bss_start__ = _sbss
 *(.bss)
 .bss           0x000000002000009c       0x1c c:/st/stm32cubeide_1.7.0/stm32cubeide/plugins/com.st.stm32cube.ide.mcu.externaltools.gnu-tools-for-stm32.9-2020-q2-update.win32_2.0.0.202105311346/tools/bin/../lib/gcc/arm-none-eabi/9.3.1/thumb/v7e-m+fp/hard/crtbegin.o
 *(.bss*)
 .bss.cState    0x00000000200000b8        0x4 ./Core/Src/main.o
                0x00000000200000b8                cState
 .bss.vaciado   0x00000000200000bc        0x4 ./Core/Src/main.o
                0x00000000200000bc                vaciado
 .bss.aux1      0x00000000200000c0        0x4 ./Core/Src/main.o
                0x00000000200000c0                aux1
 .bss.interrupt
                0x00000000200000c4        0x4 ./Core/Src/main.o
                0x00000000200000c4                interrupt
 .bss.refresh   0x00000000200000c8        0x4 ./Core/Src/main.o
                0x00000000200000c8                refresh
 .bss.ctime     0x00000000200000cc        0x4 ./Core/Src/main.o
                0x00000000200000cc                ctime
 .bss.ptime     0x00000000200000d0        0x4 ./Core/Src/main.o
                0x00000000200000d0                ptime
 .bss.Temp      0x00000000200000d4        0x4 ./Core/Src/main.o
                0x00000000200000d4                Temp
 .bss.RH        0x00000000200000d8        0x4 ./Core/Src/main.o
                0x00000000200000d8                RH
 .bss.button_count.10771
                0x00000000200000dc        0x1 ./Core/Src/main.o
 *fill*         0x00000000200000dd        0x3 
 .bss.counter.10772
                0x00000000200000e0        0x4 ./Core/Src/main.o
 .bss.__sbrk_heap_end
                0x00000000200000e4        0x4 ./Core/Src/sysmem.o
 .bss.Appli_state
                0x00000000200000e8        0x1 ./USB_HOST/App/usb_host.o
                0x00000000200000e8                Appli_state
 *fill*         0x00000000200000e9        0x3 
 .bss.__malloc_free_list
                0x00000000200000ec        0x4 c:/st/stm32cubeide_1.7.0/stm32cubeide/plugins/com.st.stm32cube.ide.mcu.externaltools.gnu-tools-for-stm32.9-2020-q2-update.win32_2.0.0.202105311346/tools/bin/../lib/gcc/arm-none-eabi/9.3.1/../../../../arm-none-eabi/lib/thumb/v7e-m+fp/hard\libc_nano.a(lib_a-nano-mallocr.o)
                0x00000000200000ec                __malloc_free_list
 .bss.__malloc_sbrk_start
                0x00000000200000f0        0x4 c:/st/stm32cubeide_1.7.0/stm32cubeide/plugins/com.st.stm32cube.ide.mcu.externaltools.gnu-tools-for-stm32.9-2020-q2-update.win32_2.0.0.202105311346/tools/bin/../lib/gcc/arm-none-eabi/9.3.1/../../../../arm-none-eabi/lib/thumb/v7e-m+fp/hard\libc_nano.a(lib_a-nano-mallocr.o)
                0x00000000200000f0                __malloc_sbrk_start
 *(COMMON)
 COMMON         0x00000000200000f4       0x50 ./Core/Src/T_Sensor.o
                0x00000000200000f4                cMillis
                0x00000000200000f8                pMillis
                0x00000000200000fc                htim1
 COMMON         0x0000000020000144       0x48 ./Core/Src/Ultrasound.o
                0x0000000020000144                htim2
 COMMON         0x000000002000018c      0x1b4 ./Core/Src/main.o
                0x000000002000018c                Ldisplay
                0x000000002000018e                TCD
                0x0000000020000190                US1
                0x0000000020000194                DC_Multiplier
                0x0000000020000196                Distance
                0x0000000020000198                htim4
                0x00000000200001e0                hi2c1
                0x0000000020000234                RHI
                0x0000000020000236                Lumen
                0x0000000020000238                htim3
                0x0000000020000280                pantalla
                0x0000000020000290                hadc1
                0x00000000200002d8                RHD
                0x00000000200002d9                Volume
                0x00000000200002da                FCapture
                0x00000000200002dc                hspi1
                0x0000000020000334                USdiff
                0x0000000020000338                Vamb
                0x000000002000033a                SUM
                0x000000002000033b                TCI
                0x000000002000033c                US2
 COMMON         0x0000000020000340        0x4 ./Drivers/STM32F4xx_HAL_Driver/Src/stm32f4xx_hal.o
                0x0000000020000340                uwTick
 COMMON         0x0000000020000344      0x3d8 ./USB_HOST/App/usb_host.o
                0x0000000020000344                hUsbHostFS
 COMMON         0x000000002000071c      0x304 ./USB_HOST/Target/usbh_conf.o
                0x000000002000071c                hhcd_USB_OTG_FS
 COMMON         0x0000000020000a20        0x4 c:/st/stm32cubeide_1.7.0/stm32cubeide/plugins/com.st.stm32cube.ide.mcu.externaltools.gnu-tools-for-stm32.9-2020-q2-update.win32_2.0.0.202105311346/tools/bin/../lib/gcc/arm-none-eabi/9.3.1/../../../../arm-none-eabi/lib/thumb/v7e-m+fp/hard\libc_nano.a(lib_a-reent.o)
                0x0000000020000a20                errno
 COMMON         0x0000000020000a24        0x9 c:/st/stm32cubeide_1.7.0/stm32cubeide/plugins/com.st.stm32cube.ide.mcu.externaltools.gnu-tools-for-stm32.9-2020-q2-update.win32_2.0.0.202105311346/tools/bin/../lib/gcc/arm-none-eabi/9.3.1/../../../../arm-none-eabi/lib/thumb/v7e-m+fp/hard\libc_nano.a(lib_a-lock.o)
                0x0000000020000a24                __lock___atexit_recursive_mutex
                0x0000000020000a25                __lock___arc4random_mutex
                0x0000000020000a26                __lock___env_recursive_mutex
                0x0000000020000a27                __lock___sinit_recursive_mutex
                0x0000000020000a28                __lock___malloc_recursive_mutex
                0x0000000020000a29                __lock___at_quick_exit_mutex
                0x0000000020000a2a                __lock___dd_hash_mutex
                0x0000000020000a2b                __lock___tz_mutex
                0x0000000020000a2c                __lock___sfp_recursive_mutex
                0x0000000020000a30                . = ALIGN (0x4)
 *fill*         0x0000000020000a2d        0x3 
                0x0000000020000a30                _ebss = .
                0x0000000020000a30                __bss_end__ = _ebss

._user_heap_stack
                0x0000000020000a30      0x600
                0x0000000020000a30                . = ALIGN (0x8)
                [!provide]                        PROVIDE (end = .)
                0x0000000020000a30                PROVIDE (_end = .)
                0x0000000020000c30                . = (. + _Min_Heap_Size)
 *fill*         0x0000000020000a30      0x200 
                0x0000000020001030                . = (. + _Min_Stack_Size)
 *fill*         0x0000000020000c30      0x400 
                0x0000000020001030                . = ALIGN (0x8)

/DISCARD/
 libc.a(*)
 libm.a(*)
 libgcc.a(*)

.ARM.attributes
                0x0000000000000000       0x30
 *(.ARM.attributes)
 .ARM.attributes
                0x0000000000000000       0x1e c:/st/stm32cubeide_1.7.0/stm32cubeide/plugins/com.st.stm32cube.ide.mcu.externaltools.gnu-tools-for-stm32.9-2020-q2-update.win32_2.0.0.202105311346/tools/bin/../lib/gcc/arm-none-eabi/9.3.1/thumb/v7e-m+fp/hard/crti.o
 .ARM.attributes
                0x000000000000001e       0x34 c:/st/stm32cubeide_1.7.0/stm32cubeide/plugins/com.st.stm32cube.ide.mcu.externaltools.gnu-tools-for-stm32.9-2020-q2-update.win32_2.0.0.202105311346/tools/bin/../lib/gcc/arm-none-eabi/9.3.1/thumb/v7e-m+fp/hard/crtbegin.o
 .ARM.attributes
                0x0000000000000052       0x34 ./Core/Src/T_Sensor.o
 .ARM.attributes
                0x0000000000000086       0x34 ./Core/Src/Ultrasound.o
 .ARM.attributes
                0x00000000000000ba       0x34 ./Core/Src/i2c-lcd.o
 .ARM.attributes
                0x00000000000000ee       0x34 ./Core/Src/main.o
 .ARM.attributes
                0x0000000000000122       0x34 ./Core/Src/stm32f4xx_hal_msp.o
 .ARM.attributes
                0x0000000000000156       0x34 ./Core/Src/stm32f4xx_it.o
 .ARM.attributes
                0x000000000000018a       0x34 ./Core/Src/sysmem.o
 .ARM.attributes
                0x00000000000001be       0x34 ./Core/Src/system_stm32f4xx.o
 .ARM.attributes
                0x00000000000001f2       0x21 ./Core/Startup/startup_stm32f407vgtx.o
 .ARM.attributes
                0x0000000000000213       0x34 ./Drivers/STM32F4xx_HAL_Driver/Src/stm32f4xx_hal.o
 .ARM.attributes
                0x0000000000000247       0x34 ./Drivers/STM32F4xx_HAL_Driver/Src/stm32f4xx_hal_adc.o
 .ARM.attributes
                0x000000000000027b       0x34 ./Drivers/STM32F4xx_HAL_Driver/Src/stm32f4xx_hal_cortex.o
 .ARM.attributes
                0x00000000000002af       0x34 ./Drivers/STM32F4xx_HAL_Driver/Src/stm32f4xx_hal_gpio.o
 .ARM.attributes
                0x00000000000002e3       0x34 ./Drivers/STM32F4xx_HAL_Driver/Src/stm32f4xx_hal_hcd.o
 .ARM.attributes
                0x0000000000000317       0x34 ./Drivers/STM32F4xx_HAL_Driver/Src/stm32f4xx_hal_i2c.o
 .ARM.attributes
                0x000000000000034b       0x34 ./Drivers/STM32F4xx_HAL_Driver/Src/stm32f4xx_hal_rcc.o
 .ARM.attributes
                0x000000000000037f       0x34 ./Drivers/STM32F4xx_HAL_Driver/Src/stm32f4xx_hal_spi.o
 .ARM.attributes
                0x00000000000003b3       0x34 ./Drivers/STM32F4xx_HAL_Driver/Src/stm32f4xx_hal_tim.o
 .ARM.attributes
                0x00000000000003e7       0x34 ./Drivers/STM32F4xx_HAL_Driver/Src/stm32f4xx_hal_tim_ex.o
 .ARM.attributes
                0x000000000000041b       0x34 ./Drivers/STM32F4xx_HAL_Driver/Src/stm32f4xx_ll_usb.o
 .ARM.attributes
                0x000000000000044f       0x34 ./Middlewares/ST/STM32_USB_Host_Library/Class/CDC/Src/usbh_cdc.o
 .ARM.attributes
                0x0000000000000483       0x34 ./Middlewares/ST/STM32_USB_Host_Library/Core/Src/usbh_core.o
 .ARM.attributes
                0x00000000000004b7       0x34 ./Middlewares/ST/STM32_USB_Host_Library/Core/Src/usbh_ctlreq.o
 .ARM.attributes
                0x00000000000004eb       0x34 ./Middlewares/ST/STM32_USB_Host_Library/Core/Src/usbh_ioreq.o
 .ARM.attributes
                0x000000000000051f       0x34 ./Middlewares/ST/STM32_USB_Host_Library/Core/Src/usbh_pipes.o
 .ARM.attributes
                0x0000000000000553       0x34 ./USB_HOST/App/usb_host.o
 .ARM.attributes
                0x0000000000000587       0x34 ./USB_HOST/Target/usbh_conf.o
 .ARM.attributes
                0x00000000000005bb       0x34 ./USB_HOST/Target/usbh_platform.o
 .ARM.attributes
                0x00000000000005ef       0x34 c:/st/stm32cubeide_1.7.0/stm32cubeide/plugins/com.st.stm32cube.ide.mcu.externaltools.gnu-tools-for-stm32.9-2020-q2-update.win32_2.0.0.202105311346/tools/bin/../lib/gcc/arm-none-eabi/9.3.1/../../../../arm-none-eabi/lib/thumb/v7e-m+fp/hard\libc_nano.a(lib_a-errno.o)
 .ARM.attributes
                0x0000000000000623       0x32 c:/st/stm32cubeide_1.7.0/stm32cubeide/plugins/com.st.stm32cube.ide.mcu.externaltools.gnu-tools-for-stm32.9-2020-q2-update.win32_2.0.0.202105311346/tools/bin/../lib/gcc/arm-none-eabi/9.3.1/../../../../arm-none-eabi/lib/thumb/v7e-m+fp/hard\libc_nano.a(lib_a-impure.o)
 .ARM.attributes
                0x0000000000000655       0x34 c:/st/stm32cubeide_1.7.0/stm32cubeide/plugins/com.st.stm32cube.ide.mcu.externaltools.gnu-tools-for-stm32.9-2020-q2-update.win32_2.0.0.202105311346/tools/bin/../lib/gcc/arm-none-eabi/9.3.1/../../../../arm-none-eabi/lib/thumb/v7e-m+fp/hard\libc_nano.a(lib_a-init.o)
 .ARM.attributes
                0x0000000000000689       0x34 c:/st/stm32cubeide_1.7.0/stm32cubeide/plugins/com.st.stm32cube.ide.mcu.externaltools.gnu-tools-for-stm32.9-2020-q2-update.win32_2.0.0.202105311346/tools/bin/../lib/gcc/arm-none-eabi/9.3.1/../../../../arm-none-eabi/lib/thumb/v7e-m+fp/hard\libc_nano.a(lib_a-itoa.o)
 .ARM.attributes
                0x00000000000006bd       0x34 c:/st/stm32cubeide_1.7.0/stm32cubeide/plugins/com.st.stm32cube.ide.mcu.externaltools.gnu-tools-for-stm32.9-2020-q2-update.win32_2.0.0.202105311346/tools/bin/../lib/gcc/arm-none-eabi/9.3.1/../../../../arm-none-eabi/lib/thumb/v7e-m+fp/hard\libc_nano.a(lib_a-malloc.o)
 .ARM.attributes
                0x00000000000006f1       0x34 c:/st/stm32cubeide_1.7.0/stm32cubeide/plugins/com.st.stm32cube.ide.mcu.externaltools.gnu-tools-for-stm32.9-2020-q2-update.win32_2.0.0.202105311346/tools/bin/../lib/gcc/arm-none-eabi/9.3.1/../../../../arm-none-eabi/lib/thumb/v7e-m+fp/hard\libc_nano.a(lib_a-memset.o)
 .ARM.attributes
                0x0000000000000725       0x34 c:/st/stm32cubeide_1.7.0/stm32cubeide/plugins/com.st.stm32cube.ide.mcu.externaltools.gnu-tools-for-stm32.9-2020-q2-update.win32_2.0.0.202105311346/tools/bin/../lib/gcc/arm-none-eabi/9.3.1/../../../../arm-none-eabi/lib/thumb/v7e-m+fp/hard\libc_nano.a(lib_a-nano-freer.o)
 .ARM.attributes
                0x0000000000000759       0x34 c:/st/stm32cubeide_1.7.0/stm32cubeide/plugins/com.st.stm32cube.ide.mcu.externaltools.gnu-tools-for-stm32.9-2020-q2-update.win32_2.0.0.202105311346/tools/bin/../lib/gcc/arm-none-eabi/9.3.1/../../../../arm-none-eabi/lib/thumb/v7e-m+fp/hard\libc_nano.a(lib_a-nano-mallocr.o)
 .ARM.attributes
                0x000000000000078d       0x34 c:/st/stm32cubeide_1.7.0/stm32cubeide/plugins/com.st.stm32cube.ide.mcu.externaltools.gnu-tools-for-stm32.9-2020-q2-update.win32_2.0.0.202105311346/tools/bin/../lib/gcc/arm-none-eabi/9.3.1/../../../../arm-none-eabi/lib/thumb/v7e-m+fp/hard\libc_nano.a(lib_a-sbrkr.o)
 .ARM.attributes
                0x00000000000007c1       0x34 c:/st/stm32cubeide_1.7.0/stm32cubeide/plugins/com.st.stm32cube.ide.mcu.externaltools.gnu-tools-for-stm32.9-2020-q2-update.win32_2.0.0.202105311346/tools/bin/../lib/gcc/arm-none-eabi/9.3.1/../../../../arm-none-eabi/lib/thumb/v7e-m+fp/hard\libc_nano.a(lib_a-utoa.o)
 .ARM.attributes
                0x00000000000007f5       0x34 c:/st/stm32cubeide_1.7.0/stm32cubeide/plugins/com.st.stm32cube.ide.mcu.externaltools.gnu-tools-for-stm32.9-2020-q2-update.win32_2.0.0.202105311346/tools/bin/../lib/gcc/arm-none-eabi/9.3.1/../../../../arm-none-eabi/lib/thumb/v7e-m+fp/hard\libc_nano.a(lib_a-mlock.o)
 .ARM.attributes
                0x0000000000000829       0x34 c:/st/stm32cubeide_1.7.0/stm32cubeide/plugins/com.st.stm32cube.ide.mcu.externaltools.gnu-tools-for-stm32.9-2020-q2-update.win32_2.0.0.202105311346/tools/bin/../lib/gcc/arm-none-eabi/9.3.1/../../../../arm-none-eabi/lib/thumb/v7e-m+fp/hard\libc_nano.a(lib_a-reent.o)
 .ARM.attributes
                0x000000000000085d       0x34 c:/st/stm32cubeide_1.7.0/stm32cubeide/plugins/com.st.stm32cube.ide.mcu.externaltools.gnu-tools-for-stm32.9-2020-q2-update.win32_2.0.0.202105311346/tools/bin/../lib/gcc/arm-none-eabi/9.3.1/../../../../arm-none-eabi/lib/thumb/v7e-m+fp/hard\libc_nano.a(lib_a-lock.o)
 .ARM.attributes
                0x0000000000000891       0x1e c:/st/stm32cubeide_1.7.0/stm32cubeide/plugins/com.st.stm32cube.ide.mcu.externaltools.gnu-tools-for-stm32.9-2020-q2-update.win32_2.0.0.202105311346/tools/bin/../lib/gcc/arm-none-eabi/9.3.1/thumb/v7e-m+fp/hard\libgcc.a(_arm_addsubdf3.o)
 .ARM.attributes
                0x00000000000008af       0x1e c:/st/stm32cubeide_1.7.0/stm32cubeide/plugins/com.st.stm32cube.ide.mcu.externaltools.gnu-tools-for-stm32.9-2020-q2-update.win32_2.0.0.202105311346/tools/bin/../lib/gcc/arm-none-eabi/9.3.1/thumb/v7e-m+fp/hard\libgcc.a(_arm_muldivdf3.o)
 .ARM.attributes
                0x00000000000008cd       0x1e c:/st/stm32cubeide_1.7.0/stm32cubeide/plugins/com.st.stm32cube.ide.mcu.externaltools.gnu-tools-for-stm32.9-2020-q2-update.win32_2.0.0.202105311346/tools/bin/../lib/gcc/arm-none-eabi/9.3.1/thumb/v7e-m+fp/hard\libgcc.a(_arm_fixunsdfsi.o)
 .ARM.attributes
                0x00000000000008eb       0x1e c:/st/stm32cubeide_1.7.0/stm32cubeide/plugins/com.st.stm32cube.ide.mcu.externaltools.gnu-tools-for-stm32.9-2020-q2-update.win32_2.0.0.202105311346/tools/bin/../lib/gcc/arm-none-eabi/9.3.1/thumb/v7e-m+fp/hard\libgcc.a(_arm_truncdfsf2.o)
 .ARM.attributes
                0x0000000000000909       0x1e c:/st/stm32cubeide_1.7.0/stm32cubeide/plugins/com.st.stm32cube.ide.mcu.externaltools.gnu-tools-for-stm32.9-2020-q2-update.win32_2.0.0.202105311346/tools/bin/../lib/gcc/arm-none-eabi/9.3.1/thumb/v7e-m+fp/hard\libgcc.a(_aeabi_uldivmod.o)
 .ARM.attributes
                0x0000000000000927       0x34 c:/st/stm32cubeide_1.7.0/stm32cubeide/plugins/com.st.stm32cube.ide.mcu.externaltools.gnu-tools-for-stm32.9-2020-q2-update.win32_2.0.0.202105311346/tools/bin/../lib/gcc/arm-none-eabi/9.3.1/thumb/v7e-m+fp/hard\libgcc.a(_udivmoddi4.o)
 .ARM.attributes
                0x000000000000095b       0x1e c:/st/stm32cubeide_1.7.0/stm32cubeide/plugins/com.st.stm32cube.ide.mcu.externaltools.gnu-tools-for-stm32.9-2020-q2-update.win32_2.0.0.202105311346/tools/bin/../lib/gcc/arm-none-eabi/9.3.1/thumb/v7e-m+fp/hard\libgcc.a(_dvmd_tls.o)
 .ARM.attributes
                0x0000000000000979       0x1e c:/st/stm32cubeide_1.7.0/stm32cubeide/plugins/com.st.stm32cube.ide.mcu.externaltools.gnu-tools-for-stm32.9-2020-q2-update.win32_2.0.0.202105311346/tools/bin/../lib/gcc/arm-none-eabi/9.3.1/thumb/v7e-m+fp/hard/crtn.o
OUTPUT(STM.elf elf32-littlearm)
LOAD linker stubs
LOAD c:/st/stm32cubeide_1.7.0/stm32cubeide/plugins/com.st.stm32cube.ide.mcu.externaltools.gnu-tools-for-stm32.9-2020-q2-update.win32_2.0.0.202105311346/tools/bin/../lib/gcc/arm-none-eabi/9.3.1/../../../../arm-none-eabi/lib/thumb/v7e-m+fp/hard\libc.a
LOAD c:/st/stm32cubeide_1.7.0/stm32cubeide/plugins/com.st.stm32cube.ide.mcu.externaltools.gnu-tools-for-stm32.9-2020-q2-update.win32_2.0.0.202105311346/tools/bin/../lib/gcc/arm-none-eabi/9.3.1/../../../../arm-none-eabi/lib/thumb/v7e-m+fp/hard\libm.a
LOAD c:/st/stm32cubeide_1.7.0/stm32cubeide/plugins/com.st.stm32cube.ide.mcu.externaltools.gnu-tools-for-stm32.9-2020-q2-update.win32_2.0.0.202105311346/tools/bin/../lib/gcc/arm-none-eabi/9.3.1/thumb/v7e-m+fp/hard\libgcc.a

.debug_info     0x0000000000000000    0x211f3
 .debug_info    0x0000000000000000      0x921 ./Core/Src/T_Sensor.o
 .debug_info    0x0000000000000921      0x88b ./Core/Src/Ultrasound.o
 .debug_info    0x00000000000011ac     0x10bf ./Core/Src/i2c-lcd.o
 .debug_info    0x000000000000226b     0x25dc ./Core/Src/main.o
 .debug_info    0x0000000000004847     0x17f5 ./Core/Src/stm32f4xx_hal_msp.o
 .debug_info    0x000000000000603c      0xd73 ./Core/Src/stm32f4xx_it.o
 .debug_info    0x0000000000006daf      0xa25 ./Core/Src/sysmem.o
 .debug_info    0x00000000000077d4      0x5a4 ./Core/Src/system_stm32f4xx.o
 .debug_info    0x0000000000007d78       0x22 ./Core/Startup/startup_stm32f407vgtx.o
 .debug_info    0x0000000000007d9a      0x9b2 ./Drivers/STM32F4xx_HAL_Driver/Src/stm32f4xx_hal.o
 .debug_info    0x000000000000874c      0xdbc ./Drivers/STM32F4xx_HAL_Driver/Src/stm32f4xx_hal_adc.o
 .debug_info    0x0000000000009508      0xed7 ./Drivers/STM32F4xx_HAL_Driver/Src/stm32f4xx_hal_cortex.o
 .debug_info    0x000000000000a3df      0x83e ./Drivers/STM32F4xx_HAL_Driver/Src/stm32f4xx_hal_gpio.o
 .debug_info    0x000000000000ac1d      0xf67 ./Drivers/STM32F4xx_HAL_Driver/Src/stm32f4xx_hal_hcd.o
 .debug_info    0x000000000000bb84     0x264d ./Drivers/STM32F4xx_HAL_Driver/Src/stm32f4xx_hal_i2c.o
 .debug_info    0x000000000000e1d1      0x996 ./Drivers/STM32F4xx_HAL_Driver/Src/stm32f4xx_hal_rcc.o
 .debug_info    0x000000000000eb67     0x17c0 ./Drivers/STM32F4xx_HAL_Driver/Src/stm32f4xx_hal_spi.o
 .debug_info    0x0000000000010327     0x2c22 ./Drivers/STM32F4xx_HAL_Driver/Src/stm32f4xx_hal_tim.o
 .debug_info    0x0000000000012f49     0x15a2 ./Drivers/STM32F4xx_HAL_Driver/Src/stm32f4xx_hal_tim_ex.o
 .debug_info    0x00000000000144eb     0x1ab4 ./Drivers/STM32F4xx_HAL_Driver/Src/stm32f4xx_ll_usb.o
 .debug_info    0x0000000000015f9f     0x1c86 ./Middlewares/ST/STM32_USB_Host_Library/Class/CDC/Src/usbh_cdc.o
 .debug_info    0x0000000000017c25     0x1815 ./Middlewares/ST/STM32_USB_Host_Library/Core/Src/usbh_core.o
 .debug_info    0x000000000001943a     0x18e6 ./Middlewares/ST/STM32_USB_Host_Library/Core/Src/usbh_ctlreq.o
 .debug_info    0x000000000001ad20     0x162f ./Middlewares/ST/STM32_USB_Host_Library/Core/Src/usbh_ioreq.o
 .debug_info    0x000000000001c34f     0x1457 ./Middlewares/ST/STM32_USB_Host_Library/Core/Src/usbh_pipes.o
 .debug_info    0x000000000001d7a6     0x13a0 ./USB_HOST/App/usb_host.o
 .debug_info    0x000000000001eb46     0x2412 ./USB_HOST/Target/usbh_conf.o
 .debug_info    0x0000000000020f58      0x29b ./USB_HOST/Target/usbh_platform.o

.debug_abbrev   0x0000000000000000     0x41d8
 .debug_abbrev  0x0000000000000000      0x1d1 ./Core/Src/T_Sensor.o
 .debug_abbrev  0x00000000000001d1      0x1b6 ./Core/Src/Ultrasound.o
 .debug_abbrev  0x0000000000000387      0x249 ./Core/Src/i2c-lcd.o
 .debug_abbrev  0x00000000000005d0      0x2fb ./Core/Src/main.o
 .debug_abbrev  0x00000000000008cb      0x206 ./Core/Src/stm32f4xx_hal_msp.o
 .debug_abbrev  0x0000000000000ad1      0x1e1 ./Core/Src/stm32f4xx_it.o
 .debug_abbrev  0x0000000000000cb2      0x1bf ./Core/Src/sysmem.o
 .debug_abbrev  0x0000000000000e71      0x145 ./Core/Src/system_stm32f4xx.o
 .debug_abbrev  0x0000000000000fb6       0x12 ./Core/Startup/startup_stm32f407vgtx.o
 .debug_abbrev  0x0000000000000fc8      0x1ed ./Drivers/STM32F4xx_HAL_Driver/Src/stm32f4xx_hal.o
 .debug_abbrev  0x00000000000011b5      0x22f ./Drivers/STM32F4xx_HAL_Driver/Src/stm32f4xx_hal_adc.o
 .debug_abbrev  0x00000000000013e4      0x33c ./Drivers/STM32F4xx_HAL_Driver/Src/stm32f4xx_hal_cortex.o
 .debug_abbrev  0x0000000000001720      0x1f1 ./Drivers/STM32F4xx_HAL_Driver/Src/stm32f4xx_hal_gpio.o
 .debug_abbrev  0x0000000000001911      0x28d ./Drivers/STM32F4xx_HAL_Driver/Src/stm32f4xx_hal_hcd.o
 .debug_abbrev  0x0000000000001b9e      0x282 ./Drivers/STM32F4xx_HAL_Driver/Src/stm32f4xx_hal_i2c.o
 .debug_abbrev  0x0000000000001e20      0x275 ./Drivers/STM32F4xx_HAL_Driver/Src/stm32f4xx_hal_rcc.o
 .debug_abbrev  0x0000000000002095      0x26e ./Drivers/STM32F4xx_HAL_Driver/Src/stm32f4xx_hal_spi.o
 .debug_abbrev  0x0000000000002303      0x25e ./Drivers/STM32F4xx_HAL_Driver/Src/stm32f4xx_hal_tim.o
 .debug_abbrev  0x0000000000002561      0x266 ./Drivers/STM32F4xx_HAL_Driver/Src/stm32f4xx_hal_tim_ex.o
 .debug_abbrev  0x00000000000027c7      0x2a7 ./Drivers/STM32F4xx_HAL_Driver/Src/stm32f4xx_ll_usb.o
 .debug_abbrev  0x0000000000002a6e      0x352 ./Middlewares/ST/STM32_USB_Host_Library/Class/CDC/Src/usbh_cdc.o
 .debug_abbrev  0x0000000000002dc0      0x3b4 ./Middlewares/ST/STM32_USB_Host_Library/Core/Src/usbh_core.o
 .debug_abbrev  0x0000000000003174      0x367 ./Middlewares/ST/STM32_USB_Host_Library/Core/Src/usbh_ctlreq.o
 .debug_abbrev  0x00000000000034db      0x2b5 ./Middlewares/ST/STM32_USB_Host_Library/Core/Src/usbh_ioreq.o
 .debug_abbrev  0x0000000000003790      0x2f3 ./Middlewares/ST/STM32_USB_Host_Library/Core/Src/usbh_pipes.o
 .debug_abbrev  0x0000000000003a83      0x2a4 ./USB_HOST/App/usb_host.o
 .debug_abbrev  0x0000000000003d27      0x397 ./USB_HOST/Target/usbh_conf.o
 .debug_abbrev  0x00000000000040be      0x11a ./USB_HOST/Target/usbh_platform.o

.debug_aranges  0x0000000000000000     0x1698
 .debug_aranges
                0x0000000000000000       0x30 ./Core/Src/T_Sensor.o
 .debug_aranges
                0x0000000000000030       0x30 ./Core/Src/Ultrasound.o
 .debug_aranges
                0x0000000000000060       0x48 ./Core/Src/i2c-lcd.o
 .debug_aranges
                0x00000000000000a8       0x90 ./Core/Src/main.o
 .debug_aranges
                0x0000000000000138       0x78 ./Core/Src/stm32f4xx_hal_msp.o
 .debug_aranges
                0x00000000000001b0       0xa0 ./Core/Src/stm32f4xx_it.o
 .debug_aranges
                0x0000000000000250       0x20 ./Core/Src/sysmem.o
 .debug_aranges
                0x0000000000000270       0x28 ./Core/Src/system_stm32f4xx.o
 .debug_aranges
                0x0000000000000298       0x28 ./Core/Startup/startup_stm32f407vgtx.o
 .debug_aranges
                0x00000000000002c0       0xf0 ./Drivers/STM32F4xx_HAL_Driver/Src/stm32f4xx_hal.o
 .debug_aranges
                0x00000000000003b0       0xe8 ./Drivers/STM32F4xx_HAL_Driver/Src/stm32f4xx_hal_adc.o
 .debug_aranges
                0x0000000000000498      0x118 ./Drivers/STM32F4xx_HAL_Driver/Src/stm32f4xx_hal_cortex.o
 .debug_aranges
                0x00000000000005b0       0x58 ./Drivers/STM32F4xx_HAL_Driver/Src/stm32f4xx_hal_gpio.o
 .debug_aranges
                0x0000000000000608       0xf8 ./Drivers/STM32F4xx_HAL_Driver/Src/stm32f4xx_hal_hcd.o
 .debug_aranges
                0x0000000000000700      0x2a0 ./Drivers/STM32F4xx_HAL_Driver/Src/stm32f4xx_hal_i2c.o
 .debug_aranges
                0x00000000000009a0       0x88 ./Drivers/STM32F4xx_HAL_Driver/Src/stm32f4xx_hal_rcc.o
 .debug_aranges
                0x0000000000000a28      0x1d0 ./Drivers/STM32F4xx_HAL_Driver/Src/stm32f4xx_hal_spi.o
 .debug_aranges
                0x0000000000000bf8      0x3d0 ./Drivers/STM32F4xx_HAL_Driver/Src/stm32f4xx_hal_tim.o
 .debug_aranges
                0x0000000000000fc8      0x168 ./Drivers/STM32F4xx_HAL_Driver/Src/stm32f4xx_hal_tim_ex.o
 .debug_aranges
                0x0000000000001130      0x198 ./Drivers/STM32F4xx_HAL_Driver/Src/stm32f4xx_ll_usb.o
 .debug_aranges
                0x00000000000012c8       0xa8 ./Middlewares/ST/STM32_USB_Host_Library/Class/CDC/Src/usbh_cdc.o
 .debug_aranges
                0x0000000000001370       0xc0 ./Middlewares/ST/STM32_USB_Host_Library/Core/Src/usbh_core.o
 .debug_aranges
                0x0000000000001430       0xa0 ./Middlewares/ST/STM32_USB_Host_Library/Core/Src/usbh_ctlreq.o
 .debug_aranges
                0x00000000000014d0       0x60 ./Middlewares/ST/STM32_USB_Host_Library/Core/Src/usbh_ioreq.o
 .debug_aranges
                0x0000000000001530       0x40 ./Middlewares/ST/STM32_USB_Host_Library/Core/Src/usbh_pipes.o
 .debug_aranges
                0x0000000000001570       0x30 ./USB_HOST/App/usb_host.o
 .debug_aranges
                0x00000000000015a0       0xd8 ./USB_HOST/Target/usbh_conf.o
 .debug_aranges
                0x0000000000001678       0x20 ./USB_HOST/Target/usbh_platform.o

.debug_ranges   0x0000000000000000     0x1508